Archive member included to satisfy reference by file (symbol)

C:/ST/STM32CubeIDE_2.1.1/STM32CubeIDE/plugins/com.st.stm32cube.ide.mcu.externaltools.gnu-tools-for-stm32.14.3.rel1.win32_1.0.100.202602081740/tools/bin/../lib/gcc/arm-none-eabi/14.3.1/../../../../arm-none-eabi/lib/thumb/v8-m.main+fp/hard\libc_nano.a(libc_a-exit.o)
                              C:/ST/STM32CubeIDE_2.1.1/STM32CubeIDE/plugins/com.st.stm32cube.ide.mcu.externaltools.gnu-tools-for-stm32.14.3.rel1.win32_1.0.100.202602081740/tools/bin/../lib/gcc/arm-none-eabi/14.3.1/../../../../arm-none-eabi/lib/thumb/v8-m.main+fp/hard/crt0.o (exit)
C:/ST/STM32CubeIDE_2.1.1/STM32CubeIDE/plugins/com.st.stm32cube.ide.mcu.externaltools.gnu-tools-for-stm32.14.3.rel1.win32_1.0.100.202602081740/tools/bin/../lib/gcc/arm-none-eabi/14.3.1/../../../../arm-none-eabi/lib/thumb/v8-m.main+fp/hard\libc_nano.a(libc_a-nano-vfprintf_float.o)
                              (_printf_float)
C:/ST/STM32CubeIDE_2.1.1/STM32CubeIDE/plugins/com.st.stm32cube.ide.mcu.externaltools.gnu-tools-for-stm32.14.3.rel1.win32_1.0.100.202602081740/tools/bin/../lib/gcc/arm-none-eabi/14.3.1/../../../../arm-none-eabi/lib/thumb/v8-m.main+fp/hard\libc_nano.a(libc_a-nano-vfprintf_i.o)
                              C:/ST/STM32CubeIDE_2.1.1/STM32CubeIDE/plugins/com.st.stm32cube.ide.mcu.externaltools.gnu-tools-for-stm32.14.3.rel1.win32_1.0.100.202602081740/tools/bin/../lib/gcc/arm-none-eabi/14.3.1/../../../../arm-none-eabi/lib/thumb/v8-m.main+fp/hard\libc_nano.a(libc_a-nano-vfprintf_float.o) (_printf_common)
C:/ST/STM32CubeIDE_2.1.1/STM32CubeIDE/plugins/com.st.stm32cube.ide.mcu.externaltools.gnu-tools-for-stm32.14.3.rel1.win32_1.0.100.202602081740/tools/bin/../lib/gcc/arm-none-eabi/14.3.1/../../../../arm-none-eabi/lib/thumb/v8-m.main+fp/hard\libc_nano.a(libc_a-findfp.o)
                              C:/ST/STM32CubeIDE_2.1.1/STM32CubeIDE/plugins/com.st.stm32cube.ide.mcu.externaltools.gnu-tools-for-stm32.14.3.rel1.win32_1.0.100.202602081740/tools/bin/../lib/gcc/arm-none-eabi/14.3.1/../../../../arm-none-eabi/lib/thumb/v8-m.main+fp/hard\libc_nano.a(libc_a-exit.o) (__stdio_exit_handler)
C:/ST/STM32CubeIDE_2.1.1/STM32CubeIDE/plugins/com.st.stm32cube.ide.mcu.externaltools.gnu-tools-for-stm32.14.3.rel1.win32_1.0.100.202602081740/tools/bin/../lib/gcc/arm-none-eabi/14.3.1/../../../../arm-none-eabi/lib/thumb/v8-m.main+fp/hard\libc_nano.a(libc_a-fwalk.o)
                              C:/ST/STM32CubeIDE_2.1.1/STM32CubeIDE/plugins/com.st.stm32cube.ide.mcu.externaltools.gnu-tools-for-stm32.14.3.rel1.win32_1.0.100.202602081740/tools/bin/../lib/gcc/arm-none-eabi/14.3.1/../../../../arm-none-eabi/lib/thumb/v8-m.main+fp/hard\libc_nano.a(libc_a-findfp.o) (_fwalk_sglue)
C:/ST/STM32CubeIDE_2.1.1/STM32CubeIDE/plugins/com.st.stm32cube.ide.mcu.externaltools.gnu-tools-for-stm32.14.3.rel1.win32_1.0.100.202602081740/tools/bin/../lib/gcc/arm-none-eabi/14.3.1/../../../../arm-none-eabi/lib/thumb/v8-m.main+fp/hard\libc_nano.a(libc_a-stdio.o)
                              C:/ST/STM32CubeIDE_2.1.1/STM32CubeIDE/plugins/com.st.stm32cube.ide.mcu.externaltools.gnu-tools-for-stm32.14.3.rel1.win32_1.0.100.202602081740/tools/bin/../lib/gcc/arm-none-eabi/14.3.1/../../../../arm-none-eabi/lib/thumb/v8-m.main+fp/hard\libc_nano.a(libc_a-findfp.o) (__sread)
C:/ST/STM32CubeIDE_2.1.1/STM32CubeIDE/plugins/com.st.stm32cube.ide.mcu.externaltools.gnu-tools-for-stm32.14.3.rel1.win32_1.0.100.202602081740/tools/bin/../lib/gcc/arm-none-eabi/14.3.1/../../../../arm-none-eabi/lib/thumb/v8-m.main+fp/hard\libc_nano.a(libc_a-memset.o)
                              C:/ST/STM32CubeIDE_2.1.1/STM32CubeIDE/plugins/com.st.stm32cube.ide.mcu.externaltools.gnu-tools-for-stm32.14.3.rel1.win32_1.0.100.202602081740/tools/bin/../lib/gcc/arm-none-eabi/14.3.1/../../../../arm-none-eabi/lib/thumb/v8-m.main+fp/hard/crt0.o (memset)
C:/ST/STM32CubeIDE_2.1.1/STM32CubeIDE/plugins/com.st.stm32cube.ide.mcu.externaltools.gnu-tools-for-stm32.14.3.rel1.win32_1.0.100.202602081740/tools/bin/../lib/gcc/arm-none-eabi/14.3.1/../../../../arm-none-eabi/lib/thumb/v8-m.main+fp/hard\libc_nano.a(libc_a-localeconv.o)
                              C:/ST/STM32CubeIDE_2.1.1/STM32CubeIDE/plugins/com.st.stm32cube.ide.mcu.externaltools.gnu-tools-for-stm32.14.3.rel1.win32_1.0.100.202602081740/tools/bin/../lib/gcc/arm-none-eabi/14.3.1/../../../../arm-none-eabi/lib/thumb/v8-m.main+fp/hard\libc_nano.a(libc_a-nano-vfprintf_float.o) (_localeconv_r)
C:/ST/STM32CubeIDE_2.1.1/STM32CubeIDE/plugins/com.st.stm32cube.ide.mcu.externaltools.gnu-tools-for-stm32.14.3.rel1.win32_1.0.100.202602081740/tools/bin/../lib/gcc/arm-none-eabi/14.3.1/../../../../arm-none-eabi/lib/thumb/v8-m.main+fp/hard\libc_nano.a(libc_a-closer.o)
                              C:/ST/STM32CubeIDE_2.1.1/STM32CubeIDE/plugins/com.st.stm32cube.ide.mcu.externaltools.gnu-tools-for-stm32.14.3.rel1.win32_1.0.100.202602081740/tools/bin/../lib/gcc/arm-none-eabi/14.3.1/../../../../arm-none-eabi/lib/thumb/v8-m.main+fp/hard\libc_nano.a(libc_a-stdio.o) (_close_r)
[...]
Memory Configuration

Name             Origin             Length             Attributes
ROM              0x08000000         0x00040000         xr
RAM              0x20000000         0x00010000         xrw
*default*        0x00000000         0xffffffff

Linker script and memory map

LOAD C:/ST/STM32CubeIDE_2.1.1/STM32CubeIDE/plugins/com.st.stm32cube.ide.mcu.externaltools.gnu-tools-for-stm32.14.3.rel1.win32_1.0.100.202602081740/tools/bin/../lib/gcc/arm-none-eabi/14.3.1/thumb/v8-m.main+fp/hard/crti.o
LOAD C:/ST/STM32CubeIDE_2.1.1/STM32CubeIDE/plugins/com.st.stm32cube.ide.mcu.externaltools.gnu-tools-for-stm32.14.3.rel1.win32_1.0.100.202602081740/tools/bin/../lib/gcc/arm-none-eabi/14.3.1/thumb/v8-m.main+fp/hard/crtbegin.o
LOAD C:/ST/STM32CubeIDE_2.1.1/STM32CubeIDE/plugins/com.st.stm32cube.ide.mcu.externaltools.gnu-tools-for-stm32.14.3.rel1.win32_1.0.100.202602081740/tools/bin/../lib/gcc/arm-none-eabi/14.3.1/../../../../arm-none-eabi/lib/thumb/v8-m.main+fp/hard/crt0.o
START GROUP
LOAD C:/ST/STM32CubeIDE_2.1.1/STM32CubeIDE/plugins/com.st.stm32cube.ide.mcu.externaltools.gnu-tools-for-stm32.14.3.rel1.win32_1.0.100.202602081740/tools/bin/../lib/gcc/arm-none-eabi/14.3.1/../../../../arm-none-eabi/lib/thumb/v8-m.main+fp/hard\libc_nano.a
LOAD C:/ST/STM32CubeIDE_2.1.1/STM32CubeIDE/plugins/com.st.stm32cube.ide.mcu.externaltools.gnu-tools-for-stm32.14.3.rel1.win32_1.0.100.202602081740/tools/bin/../lib/gcc/arm-none-eabi/14.3.1/../../../../arm-none-eabi/lib/thumb/v8-m.main+fp/hard\libm.a
END GROUP
LOAD CMakeFiles/STM32C542CC_LSM6DS3TR-C_LIS2MDL_Project1.dir/main.c.obj
LOAD CMakeFiles/STM32C542CC_LSM6DS3TR-C_LIS2MDL_Project1.dir/lsm6ds3tr-c_reg.c.obj
LOAD CMakeFiles/STM32C542CC_LSM6DS3TR-C_LIS2MDL_Project1.dir/generated/hal/mx_cortex_mpu.c.obj
LOAD CMakeFiles/STM32C542CC_LSM6DS3TR-C_LIS2MDL_Project1.dir/generated/hal/mx_cortex_nvic.c.obj
LOAD CMakeFiles/STM32C542CC_LSM6DS3TR-C_LIS2MDL_Project1.dir/generated/hal/mx_gpio_default.c.obj
LOAD CMakeFiles/STM32C542CC_LSM6DS3TR-C_LIS2MDL_Project1.dir/generated/hal/mx_i2c1.c.obj
LOAD CMakeFiles/STM32C542CC_LSM6DS3TR-C_LIS2MDL_Project1.dir/generated/hal/mx_icache.c.obj
LOAD CMakeFiles/STM32C542CC_LSM6DS3TR-C_LIS2MDL_Project1.dir/generated/hal/mx_rcc.c.obj
LOAD CMakeFiles/STM32C542CC_LSM6DS3TR-C_LIS2MDL_Project1.dir/generated/hal/mx_system.c.obj
LOAD CMakeFiles/STM32C542CC_LSM6DS3TR-C_LIS2MDL_Project1.dir/generated/hal/mx_usart1.c.obj
LOAD CMakeFiles/STM32C542CC_LSM6DS3TR-C_LIS2MDL_Project1.dir/user_modifiable/Device/STM32C542CCT6/system_stm32c5xx.c.obj
LOAD CMakeFiles/STM32C542CC_LSM6DS3TR-C_LIS2MDL_Project1.dir/user_modifiable/Device/STM32C542CCT6/startup_stm32c542xx.c.obj
LOAD CMakeFiles/STM32C542CC_LSM6DS3TR-C_LIS2MDL_Project1.dir/stm32c5xx_drivers/hal/stm32c5xx_hal.c.obj
LOAD CMakeFiles/STM32C542CC_LSM6DS3TR-C_LIS2MDL_Project1.dir/stm32c5xx_drivers/hal/stm32c5xx_hal_cortex.c.obj
LOAD CMakeFiles/STM32C542CC_LSM6DS3TR-C_LIS2MDL_Project1.dir/stm32c5xx_drivers/hal/stm32c5xx_hal_dma.c.obj
LOAD CMakeFiles/STM32C542CC_LSM6DS3TR-C_LIS2MDL_Project1.dir/stm32c5xx_drivers/hal/stm32c5xx_hal_flash_itf.c.obj
LOAD CMakeFiles/STM32C542CC_LSM6DS3TR-C_LIS2MDL_Project1.dir/stm32c5xx_drivers/hal/stm32c5xx_hal_gpio.c.obj
LOAD CMakeFiles/STM32C542CC_LSM6DS3TR-C_LIS2MDL_Project1.dir/stm32c5xx_drivers/hal/stm32c5xx_hal_i2c.c.obj
LOAD CMakeFiles/STM32C542CC_LSM6DS3TR-C_LIS2MDL_Project1.dir/stm32c5xx_drivers/hal/stm32c5xx_hal_icache.c.obj
LOAD CMakeFiles/STM32C542CC_LSM6DS3TR-C_LIS2MDL_Project1.dir/stm32c5xx_drivers/hal/stm32c5xx_hal_pwr.c.obj
LOAD CMakeFiles/STM32C542CC_LSM6DS3TR-C_LIS2MDL_Project1.dir/stm32c5xx_drivers/hal/stm32c5xx_hal_q.c.obj
LOAD CMakeFiles/STM32C542CC_LSM6DS3TR-C_LIS2MDL_Project1.dir/stm32c5xx_drivers/hal/stm32c5xx_hal_rcc.c.obj
LOAD CMakeFiles/STM32C542CC_LSM6DS3TR-C_LIS2MDL_Project1.dir/stm32c5xx_drivers/hal/stm32c5xx_hal_uart.c.obj
LOAD CMakeFiles/STM32C542CC_LSM6DS3TR-C_LIS2MDL_Project1.dir/utilities/syscalls/syscalls.c.obj
LOAD CMakeFiles/STM32C542CC_LSM6DS3TR-C_LIS2MDL_Project1.dir/utilities/syscalls/sysmem.c.obj
START GROUP
LOAD C:/ST/STM32CubeIDE_2.1.1/STM32CubeIDE/plugins/com.st.stm32cube.ide.mcu.externaltools.gnu-tools-for-stm32.14.3.rel1.win32_1.0.100.202602081740/tools/bin/../lib/gcc/arm-none-eabi/14.3.1/thumb/v8-m.main+fp/hard\libgcc.a
LOAD C:/ST/STM32CubeIDE_2.1.1/STM32CubeIDE/plugins/com.st.stm32cube.ide.mcu.externaltools.gnu-tools-for-stm32.14.3.rel1.win32_1.0.100.202602081740/tools/bin/../lib/gcc/arm-none-eabi/14.3.1/../../../../arm-none-eabi/lib/thumb/v8-m.main+fp/hard\libc_nano.a
END GROUP
START GROUP
LOAD C:/ST/STM32CubeIDE_2.1.1/STM32CubeIDE/plugins/com.st.stm32cube.ide.mcu.externaltools.gnu-tools-for-stm32.14.3.rel1.win32_1.0.100.202602081740/tools/bin/../lib/gcc/arm-none-eabi/14.3.1/thumb/v8-m.main+fp/hard\libgcc.a
LOAD C:/ST/STM32CubeIDE_2.1.1/STM32CubeIDE/plugins/com.st.stm32cube.ide.mcu.externaltools.gnu-tools-for-stm32.14.3.rel1.win32_1.0.100.202602081740/tools/bin/../lib/gcc/arm-none-eabi/14.3.1/../../../../arm-none-eabi/lib/thumb/v8-m.main+fp/hard\libc_nano.a
LOAD C:/ST/STM32CubeIDE_2.1.1/STM32CubeIDE/plugins/com.st.stm32cube.ide.mcu.externaltools.gnu-tools-for-stm32.14.3.rel1.win32_1.0.100.202602081740/tools/bin/../lib/gcc/arm-none-eabi/14.3.1/../../../../arm-none-eabi/lib/thumb/v8-m.main+fp/hard\libnosys.a
END GROUP
START GROUP
LOAD C:/ST/STM32CubeIDE_2.1.1/STM32CubeIDE/plugins/com.st.stm32cube.ide.mcu.externaltools.gnu-tools-for-stm32.14.3.rel1.win32_1.0.100.202602081740/tools/bin/../lib/gcc/arm-none-eabi/14.3.1/thumb/v8-m.main+fp/hard\libgcc.a
LOAD C:/ST/STM32CubeIDE_2.1.1/STM32CubeIDE/plugins/com.st.stm32cube.ide.mcu.externaltools.gnu-tools-for-stm32.14.3.rel1.win32_1.0.100.202602081740/tools/bin/../lib/gcc/arm-none-eabi/14.3.1/../../../../arm-none-eabi/lib/thumb/v8-m.main+fp/hard\libc_nano.a
LOAD C:/ST/STM32CubeIDE_2.1.1/STM32CubeIDE/plugins/com.st.stm32cube.ide.mcu.externaltools.gnu-tools-for-stm32.14.3.rel1.win32_1.0.100.202602081740/tools/bin/../lib/gcc/arm-none-eabi/14.3.1/../../../../arm-none-eabi/lib/thumb/v8-m.main+fp/hard\libnosys.a
END GROUP
LOAD C:/ST/STM32CubeIDE_2.1.1/STM32CubeIDE/plugins/com.st.stm32cube.ide.mcu.externaltools.gnu-tools-for-stm32.14.3.rel1.win32_1.0.100.202602081740/tools/bin/../lib/gcc/arm-none-eabi/14.3.1/thumb/v8-m.main+fp/hard/crtend.o
LOAD C:/ST/STM32CubeIDE_2.1.1/STM32CubeIDE/plugins/com.st.stm32cube.ide.mcu.externaltools.gnu-tools-for-stm32.14.3.rel1.win32_1.0.100.202602081740/tools/bin/../lib/gcc/arm-none-eabi/14.3.1/thumb/v8-m.main+fp/hard/crtn.o
                0x00000200                        HEAP_SIZE = 0x200
                0x00000400                        STACK_SIZE = 0x400

.vectors        0x08000000      0x1a8
                0x08000000                        . = ALIGN (0x8)
 *(.vectors)
 .vectors       0x08000000      0x1a4 CMakeFiles/STM32C542CC_LSM6DS3TR-C_LIS2MDL_Project1.dir/user_modifiable/Device/STM32C542CCT6/startup_stm32c542xx.c.obj
                0x08000000                __Vectors
                0x080001a8                        . = ALIGN (0x8)
 *fill*         0x080001a4        0x4 

.text           0x080001a8     0x79f8
                0x080001a8                        . = ALIGN (0x8)
 *(.text)
 .text          0x080001a8       0x40 C:/ST/STM32CubeIDE_2.1.1/STM32CubeIDE/plugins/com.st.stm32cube.ide.mcu.externaltools.gnu-tools-for-stm32.14.3.rel1.win32_1.0.100.202602081740/tools/bin/../lib/gcc/arm-none-eabi/14.3.1/thumb/v8-m.main+fp/hard/crtbegin.o
 .text          0x080001e8       0x7c C:/ST/STM32CubeIDE_2.1.1/STM32CubeIDE/plugins/com.st.stm32cube.ide.mcu.externaltools.gnu-tools-for-stm32.14.3.rel1.win32_1.0.100.202602081740/tools/bin/../lib/gcc/arm-none-eabi/14.3.1/../../../../arm-none-eabi/lib/thumb/v8-m.main+fp/hard/crt0.o
                0x080001e8                _stack_init
                0x080001f0                _start
                0x080001f0                _mainCRTStartup
 .text          0x08000264       0x10 C:/ST/STM32CubeIDE_2.1.1/STM32CubeIDE/plugins/com.st.stm32cube.ide.mcu.externaltools.gnu-tools-for-stm32.14.3.rel1.win32_1.0.100.202602081740/tools/bin/../lib/gcc/arm-none-eabi/14.3.1/../../../../arm-none-eabi/lib/thumb/v8-m.main+fp/hard\libc_nano.a(libc_a-strlen.o)
                0x08000264                strlen
 .text          0x08000274      0x378 C:/ST/STM32CubeIDE_2.1.1/STM32CubeIDE/plugins/com.st.stm32cube.ide.mcu.externaltools.gnu-tools-for-stm32.14.3.rel1.win32_1.0.100.202602081740/tools/bin/../lib/gcc/arm-none-eabi/14.3.1/thumb/v8-m.main+fp/hard\libgcc.a(_arm_addsubdf3.o)
                0x08000274                __aeabi_drsub
                0x0800027c                __aeabi_dsub
                0x0800027c                __subdf3
                0x08000280                __aeabi_dadd
                0x08000280                __adddf3
                0x080004f8                __floatunsidf
                0x080004f8                __aeabi_ui2d
                0x08000518                __floatsidf
                0x08000518                __aeabi_i2d
                0x0800053c                __aeabi_f2d
                0x0800053c                __extendsfdf2
                0x08000580                __floatundidf
                0x08000580                __aeabi_ul2d
                0x08000590                __floatdidf
                0x08000590                __aeabi_l2d
 .text          0x080005ec      0x424 C:/ST/STM32CubeIDE_2.1.1/STM32CubeIDE/plugins/com.st.stm32cube.ide.mcu.externaltools.gnu-tools-for-stm32.14.3.rel1.win32_1.0.100.202602081740/tools/bin/../lib/gcc/arm-none-eabi/14.3.1/thumb/v8-m.main+fp/hard\libgcc.a(_arm_muldivdf3.o)
                0x080005ec                __aeabi_dmul
                0x080005ec                __muldf3
                0x08000840                __divdf3
                0x08000840                __aeabi_ddiv
 .text          0x08000a10      0x110 C:/ST/STM32CubeIDE_2.1.1/STM32CubeIDE/plugins/com.st.stm32cube.ide.mcu.externaltools.gnu-tools-for-stm32.14.3.rel1.win32_1.0.100.202602081740/tools/bin/../lib/gcc/arm-none-eabi/14.3.1/thumb/v8-m.main+fp/hard\libgcc.a(_arm_cmpdf2.o)
                0x08000a10                __gtdf2
                0x08000a10                __gedf2
                0x08000a18                __ltdf2
                0x08000a18                __ledf2
                0x08000a20                __nedf2
                0x08000a20                __eqdf2
                0x08000a20                __cmpdf2
                0x08000a9c                __aeabi_cdrcmple
                0x08000aac                __aeabi_cdcmpeq
                0x08000aac                __aeabi_cdcmple
                0x08000abc                __aeabi_dcmpeq
                0x08000ad0                __aeabi_dcmplt
                0x08000ae4                __aeabi_dcmple
                0x08000af8                __aeabi_dcmpge
                0x08000b0c                __aeabi_dcmpgt
 .text          0x08000b20       0x2c C:/ST/STM32CubeIDE_2.1.1/STM32CubeIDE/plugins/com.st.stm32cube.ide.mcu.externaltools.gnu-tools-for-stm32.14.3.rel1.win32_1.0.100.202602081740/tools/bin/../lib/gcc/arm-none-eabi/14.3.1/thumb/v8-m.main+fp/hard\libgcc.a(_arm_unorddf2.o)
                0x08000b20                __unorddf2
                0x08000b20                __aeabi_dcmpun
 .text          0x08000b4c       0x50 C:/ST/STM32CubeIDE_2.1.1/STM32CubeIDE/plugins/com.st.stm32cube.ide.mcu.externaltools.gnu-tools-for-stm32.14.3.rel1.win32_1.0.100.202602081740/tools/bin/../lib/gcc/arm-none-eabi/14.3.1/thumb/v8-m.main+fp/hard\libgcc.a(_arm_fixdfsi.o)
                0x08000b4c                __aeabi_d2iz
                0x08000b4c                __fixdfsi
 .text          0x08000b9c       0x30 C:/ST/STM32CubeIDE_2.1.1/STM32CubeIDE/plugins/com.st.stm32cube.ide.mcu.externaltools.gnu-tools-for-stm32.14.3.rel1.win32_1.0.100.202602081740/tools/bin/../lib/gcc/arm-none-eabi/14.3.1/thumb/v8-m.main+fp/hard\libgcc.a(_aeabi_uldivmod.o)
                0x08000b9c                __aeabi_uldivmod
 .text          0x08000bcc      0x34c C:/ST/STM32CubeIDE_2.1.1/STM32CubeIDE/plugins/com.st.stm32cube.ide.mcu.externaltools.gnu-tools-for-stm32.14.3.rel1.win32_1.0.100.202602081740/tools/bin/../lib/gcc/arm-none-eabi/14.3.1/thumb/v8-m.main+fp/hard\libgcc.a(_udivmoddi4.o)
                0x08000bcc                __udivmoddi4
 .text          0x08000f18        0x4 C:/ST/STM32CubeIDE_2.1.1/STM32CubeIDE/plugins/com.st.stm32cube.ide.mcu.externaltools.gnu-tools-for-stm32.14.3.rel1.win32_1.0.100.202602081740/tools/bin/../lib/gcc/arm-none-eabi/14.3.1/thumb/v8-m.main+fp/hard\libgcc.a(_dvmd_tls.o)
                0x08000f18                __aeabi_idiv0
                0x08000f18                __aeabi_ldiv0
 *(.text*)
 .text.exit     0x08000f1c       0x24 C:/ST/STM32CubeIDE_2.1.1/STM32CubeIDE/plugins/com.st.stm32cube.ide.mcu.externaltools.gnu-tools-for-stm32.14.3.rel1.win32_1.0.100.202602081740/tools/bin/../lib/gcc/arm-none-eabi/14.3.1/../../../../arm-none-eabi/lib/thumb/v8-m.main+fp/hard\libc_nano.a(libc_a-exit.o)
                0x08000f1c                exit
 .text.__cvt    0x08000f40       0xca C:/ST/STM32CubeIDE_2.1.1/STM32CubeIDE/plugins/com.st.stm32cube.ide.mcu.externaltools.gnu-tools-for-stm32.14.3.rel1.win32_1.0.100.202602081740/tools/bin/../lib/gcc/arm-none-eabi/14.3.1/../../../../arm-none-eabi/lib/thumb/v8-m.main+fp/hard\libc_nano.a(libc_a-nano-vfprintf_float.o)
                0x08000f40                __cvt
 .text.__exponent
                0x0800100a       0x72 C:/ST/STM32CubeIDE_2.1.1/STM32CubeIDE/plugins/com.st.stm32cube.ide.mcu.externaltools.gnu-tools-for-stm32.14.3.rel1.win32_1.0.100.202602081740/tools/bin/../lib/gcc/arm-none-eabi/14.3.1/../../../../arm-none-eabi/lib/thumb/v8-m.main+fp/hard\libc_nano.a(libc_a-nano-vfprintf_float.o)
                0x0800100a                __exponent
 .text._printf_float
                0x0800107c      0x450 C:/ST/STM32CubeIDE_2.1.1/STM32CubeIDE/plugins/com.st.stm32cube.ide.mcu.externaltools.gnu-tools-for-stm32.14.3.rel1.win32_1.0.100.202602081740/tools/bin/../lib/gcc/arm-none-eabi/14.3.1/../../../../arm-none-eabi/lib/thumb/v8-m.main+fp/hard\libc_nano.a(libc_a-nano-vfprintf_float.o)
                0x0800107c                _printf_float
 .text._printf_common
                0x080014cc       0xe4 C:/ST/STM32CubeIDE_2.1.1/STM32CubeIDE/plugins/com.st.stm32cube.ide.mcu.externaltools.gnu-tools-for-stm32.14.3.rel1.win32_1.0.100.202602081740/tools/bin/../lib/gcc/arm-none-eabi/14.3.1/../../../../arm-none-eabi/lib/thumb/v8-m.main+fp/hard\libc_nano.a(libc_a-nano-vfprintf_i.o)
                0x080014cc                _printf_common
 .text._printf_i
                0x080015b0      0x24c C:/ST/STM32CubeIDE_2.1.1/STM32CubeIDE/plugins/com.st.stm32cube.ide.mcu.externaltools.gnu-tools-for-stm32.14.3.rel1.win32_1.0.100.202602081740/tools/bin/../lib/gcc/arm-none-eabi/14.3.1/../../../../arm-none-eabi/lib/thumb/v8-m.main+fp/hard\libc_nano.a(libc_a-nano-vfprintf_i.o)
                0x080015b0                _printf_i
 .text.std      0x080017fc       0x6c C:/ST/STM32CubeIDE_2.1.1/STM32CubeIDE/plugins/com.st.stm32cube.ide.mcu.externaltools.gnu-tools-for-stm32.14.3.rel1.win32_1.0.100.202602081740/tools/bin/../lib/gcc/arm-none-eabi/14.3.1/../../../../arm-none-eabi/lib/thumb/v8-m.main+fp/hard\libc_nano.a(libc_a-findfp.o)
 .text.stdio_exit_handler
                0x08001868       0x18 C:/ST/STM32CubeIDE_2.1.1/STM32CubeIDE/plugins/com.st.stm32cube.ide.mcu.externaltools.gnu-tools-for-stm32.14.3.rel1.win32_1.0.100.202602081740/tools/bin/../lib/gcc/arm-none-eabi/14.3.1/../../../../arm-none-eabi/lib/thumb/v8-m.main+fp/hard\libc_nano.a(libc_a-findfp.o)
 .text.cleanup_stdio
                0x08001880       0x40 C:/ST/STM32CubeIDE_2.1.1/STM32CubeIDE/plugins/com.st.stm32cube.ide.mcu.externaltools.gnu-tools-for-stm32.14.3.rel1.win32_1.0.100.202602081740/tools/bin/../lib/gcc/arm-none-eabi/14.3.1/../../../../arm-none-eabi/lib/thumb/v8-m.main+fp/hard\libc_nano.a(libc_a-findfp.o)
 .text.global_stdio_init.part.0
                0x080018c0       0x40 C:/ST/STM32CubeIDE_2.1.1/STM32CubeIDE/plugins/com.st.stm32cube.ide.mcu.externaltools.gnu-tools-for-stm32.14.3.rel1.win32_1.0.100.202602081740/tools/bin/../lib/gcc/arm-none-eabi/14.3.1/../../../../arm-none-eabi/lib/thumb/v8-m.main+fp/hard\libc_nano.a(libc_a-findfp.o)
 .text.__sfp_lock_acquire
                0x08001900        0xc C:/ST/STM32CubeIDE_2.1.1/STM32CubeIDE/plugins/com.st.stm32cube.ide.mcu.externaltools.gnu-tools-for-stm32.14.3.rel1.win32_1.0.100.202602081740/tools/bin/../lib/gcc/arm-none-eabi/14.3.1/../../../../arm-none-eabi/lib/thumb/v8-m.main+fp/hard\libc_nano.a(libc_a-findfp.o)
                0x08001900                __sfp_lock_acquire
 .text.__sfp_lock_release
                0x0800190c        0xc C:/ST/STM32CubeIDE_2.1.1/STM32CubeIDE/plugins/com.st.stm32cube.ide.mcu.externaltools.gnu-tools-for-stm32.14.3.rel1.win32_1.0.100.202602081740/tools/bin/../lib/gcc/arm-none-eabi/14.3.1/../../../../arm-none-eabi/lib/thumb/v8-m.main+fp/hard\libc_nano.a(libc_a-findfp.o)
                0x0800190c                __sfp_lock_release
 .text.__sinit  0x08001918       0x30 C:/ST/STM32CubeIDE_2.1.1/STM32CubeIDE/plugins/com.st.stm32cube.ide.mcu.externaltools.gnu-tools-for-stm32.14.3.rel1.win32_1.0.100.202602081740/tools/bin/../lib/gcc/arm-none-eabi/14.3.1/../../../../arm-none-eabi/lib/thumb/v8-m.main+fp/hard\libc_nano.a(libc_a-findfp.o)
                0x08001918                __sinit
 .text._fwalk_sglue
                0x08001948       0x3c C:/ST/STM32CubeIDE_2.1.1/STM32CubeIDE/plugins/com.st.stm32cube.ide.mcu.externaltools.gnu-tools-for-stm32.14.3.rel1.win32_1.0.100.202602081740/tools/bin/../lib/gcc/arm-none-eabi/14.3.1/../../../../arm-none-eabi/lib/thumb/v8-m.main+fp/hard\libc_nano.a(libc_a-fwalk.o)
                0x08001948                _fwalk_sglue
 .text.__sread  0x08001984       0x22 C:/ST/STM32CubeIDE_2.1.1/STM32CubeIDE/plugins/com.st.stm32cube.ide.mcu.externaltools.gnu-tools-for-stm32.14.3.rel1.win32_1.0.100.202602081740/tools/bin/../lib/gcc/arm-none-eabi/14.3.1/../../../../arm-none-eabi/lib/thumb/v8-m.main+fp/hard\libc_nano.a(libc_a-stdio.o)
                0x08001984                __sread
 .text.__swrite
                0x080019a6       0x38 C:/ST/STM32CubeIDE_2.1.1/STM32CubeIDE/plugins/com.st.stm32cube.ide.mcu.externaltools.gnu-tools-for-stm32.14.3.rel1.win32_1.0.100.202602081740/tools/bin/../lib/gcc/arm-none-eabi/14.3.1/../../../../arm-none-eabi/lib/thumb/v8-m.main+fp/hard\libc_nano.a(libc_a-stdio.o)
                0x080019a6                __swrite
 .text.__sseek  0x080019de       0x26 C:/ST/STM32CubeIDE_2.1.1/STM32CubeIDE/plugins/com.st.stm32cube.ide.mcu.externaltools.gnu-tools-for-stm32.14.3.rel1.win32_1.0.100.202602081740/tools/bin/../lib/gcc/arm-none-eabi/14.3.1/../../../../arm-none-eabi/lib/thumb/v8-m.main+fp/hard\libc_nano.a(libc_a-stdio.o)
                0x080019de                __sseek
 .text.__sclose
                0x08001a04        0x8 C:/ST/STM32CubeIDE_2.1.1/STM32CubeIDE/plugins/com.st.stm32cube.ide.mcu.externaltools.gnu-tools-for-stm32.14.3.rel1.win32_1.0.100.202602081740/tools/bin/../lib/gcc/arm-none-eabi/14.3.1/../../../../arm-none-eabi/lib/thumb/v8-m.main+fp/hard\libc_nano.a(libc_a-stdio.o)
                0x08001a04                __sclose
 .text.memset   0x08001a0c       0x10 C:/ST/STM32CubeIDE_2.1.1/STM32CubeIDE/plugins/com.st.stm32cube.ide.mcu.externaltools.gnu-tools-for-stm32.14.3.rel1.win32_1.0.100.202602081740/tools/bin/../lib/gcc/arm-none-eabi/14.3.1/../../../../arm-none-eabi/lib/thumb/v8-m.main+fp/hard\libc_nano.a(libc_a-memset.o)
                0x08001a0c                memset
 .text._localeconv_r
                0x08001a1c        0x8 C:/ST/STM32CubeIDE_2.1.1/STM32CubeIDE/plugins/com.st.stm32cube.ide.mcu.externaltools.gnu-tools-for-stm32.14.3.rel1.win32_1.0.100.202602081740/tools/bin/../lib/gcc/arm-none-eabi/14.3.1/../../../../arm-none-eabi/lib/thumb/v8-m.main+fp/hard\libc_nano.a(libc_a-localeconv.o)
                0x08001a1c                _localeconv_r
 .text._close_r
                0x08001a24       0x20 C:/ST/STM32CubeIDE_2.1.1/STM32CubeIDE/plugins/com.st.stm32cube.ide.mcu.externaltools.gnu-tools-for-stm32.14.3.rel1.win32_1.0.100.202602081740/tools/bin/../lib/gcc/arm-none-eabi/14.3.1/../../../../arm-none-eabi/lib/thumb/v8-m.main+fp/hard\libc_nano.a(libc_a-closer.o)
                0x08001a24                _close_r
 .text._lseek_r
                0x08001a44       0x24 C:/ST/STM32CubeIDE_2.1.1/STM32CubeIDE/plugins/com.st.stm32cube.ide.mcu.externaltools.gnu-tools-for-stm32.14.3.rel1.win32_1.0.100.202602081740/tools/bin/../lib/gcc/arm-none-eabi/14.3.1/../../../../arm-none-eabi/lib/thumb/v8-m.main+fp/hard\libc_nano.a(libc_a-lseekr.o)
                0x08001a44                _lseek_r
 .text._read_r  0x08001a68       0x24 C:/ST/STM32CubeIDE_2.1.1/STM32CubeIDE/plugins/com.st.stm32cube.ide.mcu.externaltools.gnu-tools-for-stm32.14.3.rel1.win32_1.0.100.202602081740/tools/bin/../lib/gcc/arm-none-eabi/14.3.1/../../../../arm-none-eabi/lib/thumb/v8-m.main+fp/hard\libc_nano.a(libc_a-readr.o)
                0x08001a68                _read_r
 .text._write_r
                0x08001a8c       0x24 C:/ST/STM32CubeIDE_2.1.1/STM32CubeIDE/plugins/com.st.stm32cube.ide.mcu.externaltools.gnu-tools-for-stm32.14.3.rel1.win32_1.0.100.202602081740/tools/bin/../lib/gcc/arm-none-eabi/14.3.1/../../../../arm-none-eabi/lib/thumb/v8-m.main+fp/hard\libc_nano.a(libc_a-writer.o)
                0x08001a8c                _write_r
 .text.__libc_init_array
                0x08001ab0       0x48 C:/ST/STM32CubeIDE_2.1.1/STM32CubeIDE/plugins/com.st.stm32cube.ide.mcu.externaltools.gnu-tools-for-stm32.14.3.rel1.win32_1.0.100.202602081740/tools/bin/../lib/gcc/arm-none-eabi/14.3.1/../../../../arm-none-eabi/lib/thumb/v8-m.main+fp/hard\libc_nano.a(libc_a-init.o)
                0x08001ab0                __libc_init_array
 .text.__retarget_lock_init_recursive
                0x08001af8        0x2 C:/ST/STM32CubeIDE_2.1.1/STM32CubeIDE/plugins/com.st.stm32cube.ide.mcu.externaltools.gnu-tools-for-stm32.14.3.rel1.win32_1.0.100.202602081740/tools/bin/../lib/gcc/arm-none-eabi/14.3.1/../../../../arm-none-eabi/lib/thumb/v8-m.main+fp/hard\libc_nano.a(libc_a-lock.o)
                0x08001af8                __retarget_lock_init_recursive
 .text.__retarget_lock_acquire_recursive
                0x08001afa        0x2 C:/ST/STM32CubeIDE_2.1.1/STM32CubeIDE/plugins/com.st.stm32cube.ide.mcu.externaltools.gnu-tools-for-stm32.14.3.rel1.win32_1.0.100.202602081740/tools/bin/../lib/gcc/arm-none-eabi/14.3.1/../../../../arm-none-eabi/lib/thumb/v8-m.main+fp/hard\libc_nano.a(libc_a-lock.o)
                0x08001afa                __retarget_lock_acquire_recursive
 .text.__retarget_lock_release_recursive
                0x08001afc        0x2 C:/ST/STM32CubeIDE_2.1.1/STM32CubeIDE/plugins/com.st.stm32cube.ide.mcu.externaltools.gnu-tools-for-stm32.14.3.rel1.win32_1.0.100.202602081740/tools/bin/../lib/gcc/arm-none-eabi/14.3.1/../../../../arm-none-eabi/lib/thumb/v8-m.main+fp/hard\libc_nano.a(libc_a-lock.o)
                0x08001afc                __retarget_lock_release_recursive
 .text.memchr   0x08001afe       0x1c C:/ST/STM32CubeIDE_2.1.1/STM32CubeIDE/plugins/com.st.stm32cube.ide.mcu.externaltools.gnu-tools-for-stm32.14.3.rel1.win32_1.0.100.202602081740/tools/bin/../lib/gcc/arm-none-eabi/14.3.1/../../../../arm-none-eabi/lib/thumb/v8-m.main+fp/hard\libc_nano.a(libc_a-memchr-stub.o)
                0x08001afe                memchr
 .text.quorem   0x08001b1a      0x11a C:/ST/STM32CubeIDE_2.1.1/STM32CubeIDE/plugins/com.st.stm32cube.ide.mcu.externaltools.gnu-tools-for-stm32.14.3.rel1.win32_1.0.100.202602081740/tools/bin/../lib/gcc/arm-none-eabi/14.3.1/../../../../arm-none-eabi/lib/thumb/v8-m.main+fp/hard\libc_nano.a(libc_a-dtoa.o)
 *fill*         0x08001c34        0x4 
 .text._dtoa_r  0x08001c38      0xbb8 C:/ST/STM32CubeIDE_2.1.1/STM32CubeIDE/plugins/com.st.stm32cube.ide.mcu.externaltools.gnu-tools-for-stm32.14.3.rel1.win32_1.0.100.202602081740/tools/bin/../lib/gcc/arm-none-eabi/14.3.1/../../../../arm-none-eabi/lib/thumb/v8-m.main+fp/hard\libc_nano.a(libc_a-dtoa.o)
                0x08001c38                _dtoa_r
 .text._free_r  0x080027f0       0x94 C:/ST/STM32CubeIDE_2.1.1/STM32CubeIDE/plugins/com.st.stm32cube.ide.mcu.externaltools.gnu-tools-for-stm32.14.3.rel1.win32_1.0.100.202602081740/tools/bin/../lib/gcc/arm-none-eabi/14.3.1/../../../../arm-none-eabi/lib/thumb/v8-m.main+fp/hard\libc_nano.a(libc_a-freer.o)
                0x080027f0                _free_r
 .text.malloc   0x08002884       0x10 C:/ST/STM32CubeIDE_2.1.1/STM32CubeIDE/plugins/com.st.stm32cube.ide.mcu.externaltools.gnu-tools-for-stm32.14.3.rel1.win32_1.0.100.202602081740/tools/bin/../lib/gcc/arm-none-eabi/14.3.1/../../../../arm-none-eabi/lib/thumb/v8-m.main+fp/hard\libc_nano.a(libc_a-malloc.o)
                0x08002884                malloc
 .text.sbrk_aligned
                0x08002894       0x44 C:/ST/STM32CubeIDE_2.1.1/STM32CubeIDE/plugins/com.st.stm32cube.ide.mcu.externaltools.gnu-tools-for-stm32.14.3.rel1.win32_1.0.100.202602081740/tools/bin/../lib/gcc/arm-none-eabi/14.3.1/../../../../arm-none-eabi/lib/thumb/v8-m.main+fp/hard\libc_nano.a(libc_a-mallocr.o)
 .text._malloc_r
                0x080028d8      0x100 C:/ST/STM32CubeIDE_2.1.1/STM32CubeIDE/plugins/com.st.stm32cube.ide.mcu.externaltools.gnu-tools-for-stm32.14.3.rel1.win32_1.0.100.202602081740/tools/bin/../lib/gcc/arm-none-eabi/14.3.1/../../../../arm-none-eabi/lib/thumb/v8-m.main+fp/hard\libc_nano.a(libc_a-mallocr.o)
                0x080028d8                _malloc_r
 .text.__malloc_lock
                0x080029d8        0xc C:/ST/STM32CubeIDE_2.1.1/STM32CubeIDE/plugins/com.st.stm32cube.ide.mcu.externaltools.gnu-tools-for-stm32.14.3.rel1.win32_1.0.100.202602081740/tools/bin/../lib/gcc/arm-none-eabi/14.3.1/../../../../arm-none-eabi/lib/thumb/v8-m.main+fp/hard\libc_nano.a(libc_a-mlock.o)
                0x080029d8                __malloc_lock
 .text.__malloc_unlock
                0x080029e4        0xc C:/ST/STM32CubeIDE_2.1.1/STM32CubeIDE/plugins/com.st.stm32cube.ide.mcu.externaltools.gnu-tools-for-stm32.14.3.rel1.win32_1.0.100.202602081740/tools/bin/../lib/gcc/arm-none-eabi/14.3.1/../../../../arm-none-eabi/lib/thumb/v8-m.main+fp/hard\libc_nano.a(libc_a-mlock.o)
                0x080029e4                __malloc_unlock
 .text._Balloc  0x080029f0       0x7c C:/ST/STM32CubeIDE_2.1.1/STM32CubeIDE/plugins/com.st.stm32cube.ide.mcu.externaltools.gnu-tools-for-stm32.14.3.rel1.win32_1.0.100.202602081740/tools/bin/../lib/gcc/arm-none-eabi/14.3.1/../../../../arm-none-eabi/lib/thumb/v8-m.main+fp/hard\libc_nano.a(libc_a-mprec.o)
                0x080029f0                _Balloc
 .text._Bfree   0x08002a6c       0x44 C:/ST/STM32CubeIDE_2.1.1/STM32CubeIDE/plugins/com.st.stm32cube.ide.mcu.externaltools.gnu-tools-for-stm32.14.3.rel1.win32_1.0.100.202602081740/tools/bin/../lib/gcc/arm-none-eabi/14.3.1/../../../../arm-none-eabi/lib/thumb/v8-m.main+fp/hard\libc_nano.a(libc_a-mprec.o)
                0x08002a6c                _Bfree
 .text.__multadd
                0x08002ab0       0x90 C:/ST/STM32CubeIDE_2.1.1/STM32CubeIDE/plugins/com.st.stm32cube.ide.mcu.externaltools.gnu-tools-for-stm32.14.3.rel1.win32_1.0.100.202602081740/tools/bin/../lib/gcc/arm-none-eabi/14.3.1/../../../../arm-none-eabi/lib/thumb/v8-m.main+fp/hard\libc_nano.a(libc_a-mprec.o)
                0x08002ab0                __multadd
 .text.__hi0bits
                0x08002b40       0x3e C:/ST/STM32CubeIDE_2.1.1/STM32CubeIDE/plugins/com.st.stm32cube.ide.mcu.externaltools.gnu-tools-for-stm32.14.3.rel1.win32_1.0.100.202602081740/tools/bin/../lib/gcc/arm-none-eabi/14.3.1/../../../../arm-none-eabi/lib/thumb/v8-m.main+fp/hard\libc_nano.a(libc_a-mprec.o)
                0x08002b40                __hi0bits
 .text.__lo0bits
                0x08002b7e       0x5a C:/ST/STM32CubeIDE_2.1.1/STM32CubeIDE/plugins/com.st.stm32cube.ide.mcu.externaltools.gnu-tools-for-stm32.14.3.rel1.win32_1.0.100.202602081740/tools/bin/../lib/gcc/arm-none-eabi/14.3.1/../../../../arm-none-eabi/lib/thumb/v8-m.main+fp/hard\libc_nano.a(libc_a-mprec.o)
                0x08002b7e                __lo0bits
 .text.__i2b    0x08002bd8       0x2c C:/ST/STM32CubeIDE_2.1.1/STM32CubeIDE/plugins/com.st.stm32cube.ide.mcu.externaltools.gnu-tools-for-stm32.14.3.rel1.win32_1.0.100.202602081740/tools/bin/../lib/gcc/arm-none-eabi/14.3.1/../../../../arm-none-eabi/lib/thumb/v8-m.main+fp/hard\libc_nano.a(libc_a-mprec.o)
                0x08002bd8                __i2b
 .text.__multiply
                0x08002c04      0x154 C:/ST/STM32CubeIDE_2.1.1/STM32CubeIDE/plugins/com.st.stm32cube.ide.mcu.externaltools.gnu-tools-for-stm32.14.3.rel1.win32_1.0.100.202602081740/tools/bin/../lib/gcc/arm-none-eabi/14.3.1/../../../../arm-none-eabi/lib/thumb/v8-m.main+fp/hard\libc_nano.a(libc_a-mprec.o)
                0x08002c04                __multiply
 .text.__pow5mult
                0x08002d58       0xb8 C:/ST/STM32CubeIDE_2.1.1/STM32CubeIDE/plugins/com.st.stm32cube.ide.mcu.externaltools.gnu-tools-for-stm32.14.3.rel1.win32_1.0.100.202602081740/tools/bin/../lib/gcc/arm-none-eabi/14.3.1/../../../../arm-none-eabi/lib/thumb/v8-m.main+fp/hard\libc_nano.a(libc_a-mprec.o)
                0x08002d58                __pow5mult
 .text.__lshift
                0x08002e10       0xd8 C:/ST/STM32CubeIDE_2.1.1/STM32CubeIDE/plugins/com.st.stm32cube.ide.mcu.externaltools.gnu-tools-for-stm32.14.3.rel1.win32_1.0.100.202602081740/tools/bin/../lib/gcc/arm-none-eabi/14.3.1/../../../../arm-none-eabi/lib/thumb/v8-m.main+fp/hard\libc_nano.a(libc_a-mprec.o)
                0x08002e10                __lshift
 .text.__mcmp   0x08002ee8       0x36 C:/ST/STM32CubeIDE_2.1.1/STM32CubeIDE/plugins/com.st.stm32cube.ide.mcu.externaltools.gnu-tools-for-stm32.14.3.rel1.win32_1.0.100.202602081740/tools/bin/../lib/gcc/arm-none-eabi/14.3.1/../../../../arm-none-eabi/lib/thumb/v8-m.main+fp/hard\libc_nano.a(libc_a-mprec.o)
                0x08002ee8                __mcmp
 *fill*         0x08002f1e        0x2 
 .text.__mdiff  0x08002f20      0x138 C:/ST/STM32CubeIDE_2.1.1/STM32CubeIDE/plugins/com.st.stm32cube.ide.mcu.externaltools.gnu-tools-for-stm32.14.3.rel1.win32_1.0.100.202602081740/tools/bin/../lib/gcc/arm-none-eabi/14.3.1/../../../../arm-none-eabi/lib/thumb/v8-m.main+fp/hard\libc_nano.a(libc_a-mprec.o)
                0x08002f20                __mdiff
 .text.__d2b    0x08003058       0xb0 C:/ST/STM32CubeIDE_2.1.1/STM32CubeIDE/plugins/com.st.stm32cube.ide.mcu.externaltools.gnu-tools-for-stm32.14.3.rel1.win32_1.0.100.202602081740/tools/bin/../lib/gcc/arm-none-eabi/14.3.1/../../../../arm-none-eabi/lib/thumb/v8-m.main+fp/hard\libc_nano.a(libc_a-mprec.o)
                0x08003058                __d2b
 .text.__sflush_r
                0x08003108      0x100 C:/ST/STM32CubeIDE_2.1.1/STM32CubeIDE/plugins/com.st.stm32cube.ide.mcu.externaltools.gnu-tools-for-stm32.14.3.rel1.win32_1.0.100.202602081740/tools/bin/../lib/gcc/arm-none-eabi/14.3.1/../../../../arm-none-eabi/lib/thumb/v8-m.main+fp/hard\libc_nano.a(libc_a-fflush.o)
                0x08003108                __sflush_r
 .text._fflush_r
                0x08003208       0x50 C:/ST/STM32CubeIDE_2.1.1/STM32CubeIDE/plugins/com.st.stm32cube.ide.mcu.externaltools.gnu-tools-for-stm32.14.3.rel1.win32_1.0.100.202602081740/tools/bin/../lib/gcc/arm-none-eabi/14.3.1/../../../../arm-none-eabi/lib/thumb/v8-m.main+fp/hard\libc_nano.a(libc_a-fflush.o)
                0x08003208                _fflush_r
 .text._sbrk_r  0x08003258       0x20 C:/ST/STM32CubeIDE_2.1.1/STM32CubeIDE/plugins/com.st.stm32cube.ide.mcu.externaltools.gnu-tools-for-stm32.14.3.rel1.win32_1.0.100.202602081740/tools/bin/../lib/gcc/arm-none-eabi/14.3.1/../../../../arm-none-eabi/lib/thumb/v8-m.main+fp/hard\libc_nano.a(libc_a-sbrkr.o)
                0x08003258                _sbrk_r
 .text.memcpy   0x08003278       0x1a C:/ST/STM32CubeIDE_2.1.1/STM32CubeIDE/plugins/com.st.stm32cube.ide.mcu.externaltools.gnu-tools-for-stm32.14.3.rel1.win32_1.0.100.202602081740/tools/bin/../lib/gcc/arm-none-eabi/14.3.1/../../../../arm-none-eabi/lib/thumb/v8-m.main+fp/hard\libc_nano.a(libc_a-memcpy-stub.o)
                0x08003278                memcpy
 *fill*         0x08003292        0x2 
 .text.__assert_func
                0x08003294       0x3c C:/ST/STM32CubeIDE_2.1.1/STM32CubeIDE/plugins/com.st.stm32cube.ide.mcu.externaltools.gnu-tools-for-stm32.14.3.rel1.win32_1.0.100.202602081740/tools/bin/../lib/gcc/arm-none-eabi/14.3.1/../../../../arm-none-eabi/lib/thumb/v8-m.main+fp/hard\libc_nano.a(libc_a-assert.o)
                0x08003294                __assert_func
 .text._calloc_r
                0x080032d0       0x28 C:/ST/STM32CubeIDE_2.1.1/STM32CubeIDE/plugins/com.st.stm32cube.ide.mcu.externaltools.gnu-tools-for-stm32.14.3.rel1.win32_1.0.100.202602081740/tools/bin/../lib/gcc/arm-none-eabi/14.3.1/../../../../arm-none-eabi/lib/thumb/v8-m.main+fp/hard\libc_nano.a(libc_a-callocr.o)
                0x080032d0                _calloc_r
 .text.__ascii_mbtowc
                0x080032f8       0x24 C:/ST/STM32CubeIDE_2.1.1/STM32CubeIDE/plugins/com.st.stm32cube.ide.mcu.externaltools.gnu-tools-for-stm32.14.3.rel1.win32_1.0.100.202602081740/tools/bin/../lib/gcc/arm-none-eabi/14.3.1/../../../../arm-none-eabi/lib/thumb/v8-m.main+fp/hard\libc_nano.a(libc_a-mbtowc_r.o)
                0x080032f8                __ascii_mbtowc
 .text.__ascii_wctomb
                0x0800331c       0x1a C:/ST/STM32CubeIDE_2.1.1/STM32CubeIDE/plugins/com.st.stm32cube.ide.mcu.externaltools.gnu-tools-for-stm32.14.3.rel1.win32_1.0.100.202602081740/tools/bin/../lib/gcc/arm-none-eabi/14.3.1/../../../../arm-none-eabi/lib/thumb/v8-m.main+fp/hard\libc_nano.a(libc_a-wctomb_r.o)
                0x0800331c                __ascii_wctomb
 *fill*         0x08003336        0x2 
 .text.fprintf  0x08003338       0x24 C:/ST/STM32CubeIDE_2.1.1/STM32CubeIDE/plugins/com.st.stm32cube.ide.mcu.externaltools.gnu-tools-for-stm32.14.3.rel1.win32_1.0.100.202602081740/tools/bin/../lib/gcc/arm-none-eabi/14.3.1/../../../../arm-none-eabi/lib/thumb/v8-m.main+fp/hard\libc_nano.a(libc_a-fprintf.o)
                0x08003338                fiprintf
                0x08003338                fprintf
 .text.abort    0x0800335c        0xe C:/ST/STM32CubeIDE_2.1.1/STM32CubeIDE/plugins/com.st.stm32cube.ide.mcu.externaltools.gnu-tools-for-stm32.14.3.rel1.win32_1.0.100.202602081740/tools/bin/../lib/gcc/arm-none-eabi/14.3.1/../../../../arm-none-eabi/lib/thumb/v8-m.main+fp/hard\libc_nano.a(libc_a-abort.o)
                0x0800335c                abort
 .text.__sfputc_r
                0x0800336a       0x2e C:/ST/STM32CubeIDE_2.1.1/STM32CubeIDE/plugins/com.st.stm32cube.ide.mcu.externaltools.gnu-tools-for-stm32.14.3.rel1.win32_1.0.100.202602081740/tools/bin/../lib/gcc/arm-none-eabi/14.3.1/../../../../arm-none-eabi/lib/thumb/v8-m.main+fp/hard\libc_nano.a(libc_a-nano-vfprintf.o)
 .text.__sfputs_r
                0x08003398       0x24 C:/ST/STM32CubeIDE_2.1.1/STM32CubeIDE/plugins/com.st.stm32cube.ide.mcu.externaltools.gnu-tools-for-stm32.14.3.rel1.win32_1.0.100.202602081740/tools/bin/../lib/gcc/arm-none-eabi/14.3.1/../../../../arm-none-eabi/lib/thumb/v8-m.main+fp/hard\libc_nano.a(libc_a-nano-vfprintf.o)
                0x08003398                __sfputs_r
 .text._vfprintf_r
                0x080033bc      0x228 C:/ST/STM32CubeIDE_2.1.1/STM32CubeIDE/plugins/com.st.stm32cube.ide.mcu.externaltools.gnu-tools-for-stm32.14.3.rel1.win32_1.0.100.202602081740/tools/bin/../lib/gcc/arm-none-eabi/14.3.1/../../../../arm-none-eabi/lib/thumb/v8-m.main+fp/hard\libc_nano.a(libc_a-nano-vfprintf.o)
                0x080033bc                _vfprintf_r
                0x080033bc                _vfiprintf_r
 .text.__swbuf_r
                0x080035e4       0x7c C:/ST/STM32CubeIDE_2.1.1/STM32CubeIDE/plugins/com.st.stm32cube.ide.mcu.externaltools.gnu-tools-for-stm32.14.3.rel1.win32_1.0.100.202602081740/tools/bin/../lib/gcc/arm-none-eabi/14.3.1/../../../../arm-none-eabi/lib/thumb/v8-m.main+fp/hard\libc_nano.a(libc_a-wbuf.o)
                0x080035e4                __swbuf_r
 .text.__swsetup_r
                0x08003660       0xa8 C:/ST/STM32CubeIDE_2.1.1/STM32CubeIDE/plugins/com.st.stm32cube.ide.mcu.externaltools.gnu-tools-for-stm32.14.3.rel1.win32_1.0.100.202602081740/tools/bin/../lib/gcc/arm-none-eabi/14.3.1/../../../../arm-none-eabi/lib/thumb/v8-m.main+fp/hard\libc_nano.a(libc_a-wsetup.o)
                0x08003660                __swsetup_r
 .text._raise_r
                0x08003708       0x50 C:/ST/STM32CubeIDE_2.1.1/STM32CubeIDE/plugins/com.st.stm32cube.ide.mcu.externaltools.gnu-tools-for-stm32.14.3.rel1.win32_1.0.100.202602081740/tools/bin/../lib/gcc/arm-none-eabi/14.3.1/../../../../arm-none-eabi/lib/thumb/v8-m.main+fp/hard\libc_nano.a(libc_a-signal.o)
                0x08003708                _raise_r
 .text.raise    0x08003758       0x10 C:/ST/STM32CubeIDE_2.1.1/STM32CubeIDE/plugins/com.st.stm32cube.ide.mcu.externaltools.gnu-tools-for-stm32.14.3.rel1.win32_1.0.100.202602081740/tools/bin/../lib/gcc/arm-none-eabi/14.3.1/../../../../arm-none-eabi/lib/thumb/v8-m.main+fp/hard\libc_nano.a(libc_a-signal.o)
                0x08003758                raise
 .text._kill_r  0x08003768       0x24 C:/ST/STM32CubeIDE_2.1.1/STM32CubeIDE/plugins/com.st.stm32cube.ide.mcu.externaltools.gnu-tools-for-stm32.14.3.rel1.win32_1.0.100.202602081740/tools/bin/../lib/gcc/arm-none-eabi/14.3.1/../../../../arm-none-eabi/lib/thumb/v8-m.main+fp/hard\libc_nano.a(libc_a-signalr.o)
                0x08003768                _kill_r
 .text._getpid_r
                0x0800378c        0x4 C:/ST/STM32CubeIDE_2.1.1/STM32CubeIDE/plugins/com.st.stm32cube.ide.mcu.externaltools.gnu-tools-for-stm32.14.3.rel1.win32_1.0.100.202602081740/tools/bin/../lib/gcc/arm-none-eabi/14.3.1/../../../../arm-none-eabi/lib/thumb/v8-m.main+fp/hard\libc_nano.a(libc_a-signalr.o)
                0x0800378c                _getpid_r
 .text.__swhatbuf_r
                0x08003790       0x48 C:/ST/STM32CubeIDE_2.1.1/STM32CubeIDE/plugins/com.st.stm32cube.ide.mcu.externaltools.gnu-tools-for-stm32.14.3.rel1.win32_1.0.100.202602081740/tools/bin/../lib/gcc/arm-none-eabi/14.3.1/../../../../arm-none-eabi/lib/thumb/v8-m.main+fp/hard\libc_nano.a(libc_a-makebuf.o)
                0x08003790                __swhatbuf_r
 .text.__smakebuf_r
                0x080037d8       0x72 C:/ST/STM32CubeIDE_2.1.1/STM32CubeIDE/plugins/com.st.stm32cube.ide.mcu.externaltools.gnu-tools-for-stm32.14.3.rel1.win32_1.0.100.202602081740/tools/bin/../lib/gcc/arm-none-eabi/14.3.1/../../../../arm-none-eabi/lib/thumb/v8-m.main+fp/hard\libc_nano.a(libc_a-makebuf.o)
                0x080037d8                __smakebuf_r
 *fill*         0x0800384a        0x2 
 .text._fstat_r
                0x0800384c       0x24 C:/ST/STM32CubeIDE_2.1.1/STM32CubeIDE/plugins/com.st.stm32cube.ide.mcu.externaltools.gnu-tools-for-stm32.14.3.rel1.win32_1.0.100.202602081740/tools/bin/../lib/gcc/arm-none-eabi/14.3.1/../../../../arm-none-eabi/lib/thumb/v8-m.main+fp/hard\libc_nano.a(libc_a-fstatr.o)
                0x0800384c                _fstat_r
 .text._isatty_r
                0x08003870       0x20 C:/ST/STM32CubeIDE_2.1.1/STM32CubeIDE/plugins/com.st.stm32cube.ide.mcu.externaltools.gnu-tools-for-stm32.14.3.rel1.win32_1.0.100.202602081740/tools/bin/../lib/gcc/arm-none-eabi/14.3.1/../../../../arm-none-eabi/lib/thumb/v8-m.main+fp/hard\libc_nano.a(libc_a-isattyr.o)
                0x08003870                _isatty_r
 .text._write   0x08003890       0x30 CMakeFiles/STM32C542CC_LSM6DS3TR-C_LIS2MDL_Project1.dir/main.c.obj
                0x08003890                _write
 .text.main     0x080038c0      0x2d4 CMakeFiles/STM32C542CC_LSM6DS3TR-C_LIS2MDL_Project1.dir/main.c.obj
                0x080038c0                main
 .text.platform_write
                0x08003b94       0x4a CMakeFiles/STM32C542CC_LSM6DS3TR-C_LIS2MDL_Project1.dir/main.c.obj
 .text.platform_read
                0x08003bde       0x4a CMakeFiles/STM32C542CC_LSM6DS3TR-C_LIS2MDL_Project1.dir/main.c.obj
 .text.platform_delay
                0x08003c28       0x16 CMakeFiles/STM32C542CC_LSM6DS3TR-C_LIS2MDL_Project1.dir/main.c.obj
 .text.lsm6ds3tr_c_read_reg
                0x08003c3e       0x3c CMakeFiles/STM32C542CC_LSM6DS3TR-C_LIS2MDL_Project1.dir/lsm6ds3tr-c_reg.c.obj
                0x08003c3e                lsm6ds3tr_c_read_reg
 .text.lsm6ds3tr_c_write_reg
                0x08003c7a       0x3c CMakeFiles/STM32C542CC_LSM6DS3TR-C_LIS2MDL_Project1.dir/lsm6ds3tr-c_reg.c.obj
                0x08003c7a                lsm6ds3tr_c_write_reg
 *fill*         0x08003cb6        0x2 
 .text.lsm6ds3tr_c_from_fs2g_to_mg
                0x08003cb8       0x30 CMakeFiles/STM32C542CC_LSM6DS3TR-C_LIS2MDL_Project1.dir/lsm6ds3tr-c_reg.c.obj
                0x08003cb8                lsm6ds3tr_c_from_fs2g_to_mg
 .text.lsm6ds3tr_c_from_fs2000dps_to_mdps
                0x08003ce8       0x30 CMakeFiles/STM32C542CC_LSM6DS3TR-C_LIS2MDL_Project1.dir/lsm6ds3tr-c_reg.c.obj
                0x08003ce8                lsm6ds3tr_c_from_fs2000dps_to_mdps
 .text.lsm6ds3tr_c_from_lsb_to_celsius
                0x08003d18       0x38 CMakeFiles/STM32C542CC_LSM6DS3TR-C_LIS2MDL_Project1.dir/lsm6ds3tr-c_reg.c.obj
                0x08003d18                lsm6ds3tr_c_from_lsb_to_celsius
 .text.lsm6ds3tr_c_xl_full_scale_set
                0x08003d50       0x4c CMakeFiles/STM32C542CC_LSM6DS3TR-C_LIS2MDL_Project1.dir/lsm6ds3tr-c_reg.c.obj
                0x08003d50                lsm6ds3tr_c_xl_full_scale_set
 .text.lsm6ds3tr_c_xl_data_rate_set
                0x08003d9c       0x4c CMakeFiles/STM32C542CC_LSM6DS3TR-C_LIS2MDL_Project1.dir/lsm6ds3tr-c_reg.c.obj
                0x08003d9c                lsm6ds3tr_c_xl_data_rate_set
 .text.lsm6ds3tr_c_gy_full_scale_set
                0x08003de8       0x4c CMakeFiles/STM32C542CC_LSM6DS3TR-C_LIS2MDL_Project1.dir/lsm6ds3tr-c_reg.c.obj
                0x08003de8                lsm6ds3tr_c_gy_full_scale_set
 .text.lsm6ds3tr_c_gy_data_rate_set
                0x08003e34       0x4c CMakeFiles/STM32C542CC_LSM6DS3TR-C_LIS2MDL_Project1.dir/lsm6ds3tr-c_reg.c.obj
                0x08003e34                lsm6ds3tr_c_gy_data_rate_set
 .text.lsm6ds3tr_c_block_data_update_set
                0x08003e80       0x4c CMakeFiles/STM32C542CC_LSM6DS3TR-C_LIS2MDL_Project1.dir/lsm6ds3tr-c_reg.c.obj
                0x08003e80                lsm6ds3tr_c_block_data_update_set
 .text.lsm6ds3tr_c_status_reg_get
                0x08003ecc       0x22 CMakeFiles/STM32C542CC_LSM6DS3TR-C_LIS2MDL_Project1.dir/lsm6ds3tr-c_reg.c.obj
                0x08003ecc                lsm6ds3tr_c_status_reg_get
 .text.lsm6ds3tr_c_temperature_raw_get
                0x08003eee       0x42 CMakeFiles/STM32C542CC_LSM6DS3TR-C_LIS2MDL_Project1.dir/lsm6ds3tr-c_reg.c.obj
                0x08003eee                lsm6ds3tr_c_temperature_raw_get
 .text.lsm6ds3tr_c_angular_rate_raw_get
                0x08003f30       0x6e CMakeFiles/STM32C542CC_LSM6DS3TR-C_LIS2MDL_Project1.dir/lsm6ds3tr-c_reg.c.obj
                0x08003f30                lsm6ds3tr_c_angular_rate_raw_get
 .text.lsm6ds3tr_c_acceleration_raw_get
                0x08003f9e       0x6e CMakeFiles/STM32C542CC_LSM6DS3TR-C_LIS2MDL_Project1.dir/lsm6ds3tr-c_reg.c.obj
                0x08003f9e                lsm6ds3tr_c_acceleration_raw_get
 .text.lsm6ds3tr_c_device_id_get
                0x0800400c       0x22 CMakeFiles/STM32C542CC_LSM6DS3TR-C_LIS2MDL_Project1.dir/lsm6ds3tr-c_reg.c.obj
                0x0800400c                lsm6ds3tr_c_device_id_get
 .text.lsm6ds3tr_c_reset_set
                0x0800402e       0x4c CMakeFiles/STM32C542CC_LSM6DS3TR-C_LIS2MDL_Project1.dir/lsm6ds3tr-c_reg.c.obj
                0x0800402e                lsm6ds3tr_c_reset_set
 .text.lsm6ds3tr_c_reset_get
                0x0800407a       0x3c CMakeFiles/STM32C542CC_LSM6DS3TR-C_LIS2MDL_Project1.dir/lsm6ds3tr-c_reg.c.obj
                0x0800407a                lsm6ds3tr_c_reset_get
 .text.lsm6ds3tr_c_xl_filter_analog_set
                0x080040b6       0x4c CMakeFiles/STM32C542CC_LSM6DS3TR-C_LIS2MDL_Project1.dir/lsm6ds3tr-c_reg.c.obj
                0x080040b6                lsm6ds3tr_c_xl_filter_analog_set
 .text.lsm6ds3tr_c_xl_lp2_bandwidth_set
                0x08004102       0x6e CMakeFiles/STM32C542CC_LSM6DS3TR-C_LIS2MDL_Project1.dir/lsm6ds3tr-c_reg.c.obj
                0x08004102                lsm6ds3tr_c_xl_lp2_bandwidth_set
 .text.lsm6ds3tr_c_gy_band_pass_set
                0x08004170       0xde CMakeFiles/STM32C542CC_LSM6DS3TR-C_LIS2MDL_Project1.dir/lsm6ds3tr-c_reg.c.obj
                0x08004170                lsm6ds3tr_c_gy_band_pass_set
 *fill*         0x0800424e        0x2 
 .text.mx_cortex_mpu_init
                0x08004250       0x5c CMakeFiles/STM32C542CC_LSM6DS3TR-C_LIS2MDL_Project1.dir/generated/hal/mx_cortex_mpu.c.obj
                0x08004250                mx_cortex_mpu_init
 .text.mx_cortex_nvic_init
                0x080042ac       0x12 CMakeFiles/STM32C542CC_LSM6DS3TR-C_LIS2MDL_Project1.dir/generated/hal/mx_cortex_nvic.c.obj
                0x080042ac                mx_cortex_nvic_init
 *fill*         0x080042be        0x2 
 .text.LL_AHB2_GRP1_EnableClock
                0x080042c0       0x60 CMakeFiles/STM32C542CC_LSM6DS3TR-C_LIS2MDL_Project1.dir/generated/hal/mx_gpio_default.c.obj
 .text.HAL_RCC_GPIOA_EnableClock
                0x08004320        0xe CMakeFiles/STM32C542CC_LSM6DS3TR-C_LIS2MDL_Project1.dir/generated/hal/mx_gpio_default.c.obj
 .text.HAL_RCC_GPIOB_EnableClock
                0x0800432e        0xe CMakeFiles/STM32C542CC_LSM6DS3TR-C_LIS2MDL_Project1.dir/generated/hal/mx_gpio_default.c.obj
 .text.mx_gpio_default_init
                0x0800433c       0x80 CMakeFiles/STM32C542CC_LSM6DS3TR-C_LIS2MDL_Project1.dir/generated/hal/mx_gpio_default.c.obj
                0x0800433c                mx_gpio_default_init
 .text.LL_AHB2_GRP1_EnableClock
                0x080043bc       0x60 CMakeFiles/STM32C542CC_LSM6DS3TR-C_LIS2MDL_Project1.dir/generated/hal/mx_i2c1.c.obj
 .text.LL_APB1_GRP1_EnableClock
                0x0800441c       0x60 CMakeFiles/STM32C542CC_LSM6DS3TR-C_LIS2MDL_Project1.dir/generated/hal/mx_i2c1.c.obj
 .text.HAL_RCC_GPIOB_EnableClock
                0x0800447c        0xe CMakeFiles/STM32C542CC_LSM6DS3TR-C_LIS2MDL_Project1.dir/generated/hal/mx_i2c1.c.obj
 .text.HAL_RCC_I2C1_EnableClock
                0x0800448a       0x10 CMakeFiles/STM32C542CC_LSM6DS3TR-C_LIS2MDL_Project1.dir/generated/hal/mx_i2c1.c.obj
 *fill*         0x0800449a        0x2 
 .text.mx_i2c1_i2c_init
                0x0800449c       0x9c CMakeFiles/STM32C542CC_LSM6DS3TR-C_LIS2MDL_Project1.dir/generated/hal/mx_i2c1.c.obj
                0x0800449c                mx_i2c1_i2c_init
 .text.mx_i2c1_i2c_gethandle
                0x08004538       0x14 CMakeFiles/STM32C542CC_LSM6DS3TR-C_LIS2MDL_Project1.dir/generated/hal/mx_i2c1.c.obj
                0x08004538                mx_i2c1_i2c_gethandle
 .text.mx_icache_init
                0x0800454c       0x28 CMakeFiles/STM32C542CC_LSM6DS3TR-C_LIS2MDL_Project1.dir/generated/hal/mx_icache.c.obj
                0x0800454c                mx_icache_init
 .text.mx_icache_gethandle
                0x08004574       0x14 CMakeFiles/STM32C542CC_LSM6DS3TR-C_LIS2MDL_Project1.dir/generated/hal/mx_icache.c.obj
                0x08004574                mx_icache_gethandle
 .text.mx_rcc_init
                0x08004588       0xc0 CMakeFiles/STM32C542CC_LSM6DS3TR-C_LIS2MDL_Project1.dir/generated/hal/mx_rcc.c.obj
                0x08004588                mx_rcc_init
 .text.mx_rcc_peripherals_clock_config
                0x08004648       0x12 CMakeFiles/STM32C542CC_LSM6DS3TR-C_LIS2MDL_Project1.dir/generated/hal/mx_rcc.c.obj
                0x08004648                mx_rcc_peripherals_clock_config
 .text.mx_system_init
                0x0800465a       0xe8 CMakeFiles/STM32C542CC_LSM6DS3TR-C_LIS2MDL_Project1.dir/generated/hal/mx_system.c.obj
                0x0800465a                mx_system_init
 .text.SysTick_Handler
                0x08004742       0x10 CMakeFiles/STM32C542CC_LSM6DS3TR-C_LIS2MDL_Project1.dir/generated/hal/mx_system.c.obj
                0x08004742                SysTick_Handler
 .text.pre_system_init_hook
                0x08004752       0x12 CMakeFiles/STM32C542CC_LSM6DS3TR-C_LIS2MDL_Project1.dir/generated/hal/mx_system.c.obj
                0x08004752                pre_system_init_hook
 .text.post_system_init_hook
                0x08004764       0x12 CMakeFiles/STM32C542CC_LSM6DS3TR-C_LIS2MDL_Project1.dir/generated/hal/mx_system.c.obj
                0x08004764                post_system_init_hook
 *fill*         0x08004776        0x2 
 .text.LL_AHB2_GRP1_EnableClock
                0x08004778       0x60 CMakeFiles/STM32C542CC_LSM6DS3TR-C_LIS2MDL_Project1.dir/generated/hal/mx_usart1.c.obj
 .text.LL_APB2_GRP1_EnableClock
                0x080047d8       0x60 CMakeFiles/STM32C542CC_LSM6DS3TR-C_LIS2MDL_Project1.dir/generated/hal/mx_usart1.c.obj
 .text.HAL_RCC_GPIOA_EnableClock
                0x08004838        0xe CMakeFiles/STM32C542CC_LSM6DS3TR-C_LIS2MDL_Project1.dir/generated/hal/mx_usart1.c.obj
 .text.HAL_RCC_USART1_EnableClock
                0x08004846       0x10 CMakeFiles/STM32C542CC_LSM6DS3TR-C_LIS2MDL_Project1.dir/generated/hal/mx_usart1.c.obj
 *fill*         0x08004856        0x2 
 .text.mx_usart1_uart_init
                0x08004858       0xd0 CMakeFiles/STM32C542CC_LSM6DS3TR-C_LIS2MDL_Project1.dir/generated/hal/mx_usart1.c.obj
                0x08004858                mx_usart1_uart_init
 .text.mx_usart1_uart_gethandle
                0x08004928       0x14 CMakeFiles/STM32C542CC_LSM6DS3TR-C_LIS2MDL_Project1.dir/generated/hal/mx_usart1.c.obj
                0x08004928                mx_usart1_uart_gethandle
 .text.SCB_SetVTOR
                0x0800493c       0x20 CMakeFiles/STM32C542CC_LSM6DS3TR-C_LIS2MDL_Project1.dir/user_modifiable/Device/STM32C542CCT6/system_stm32c5xx.c.obj
 .text.SCB_EnableFPU
                0x0800495c       0x24 CMakeFiles/STM32C542CC_LSM6DS3TR-C_LIS2MDL_Project1.dir/user_modifiable/Device/STM32C542CCT6/system_stm32c5xx.c.obj
 .text.SystemInit
                0x08004980       0x18 CMakeFiles/STM32C542CC_LSM6DS3TR-C_LIS2MDL_Project1.dir/user_modifiable/Device/STM32C542CCT6/system_stm32c5xx.c.obj
                0x08004980                SystemInit
 .text.Reset_Handler
                0x08004998       0xc4 CMakeFiles/STM32C542CC_LSM6DS3TR-C_LIS2MDL_Project1.dir/user_modifiable/Device/STM32C542CCT6/startup_stm32c542xx.c.obj
                0x08004998                Reset_Handler
 .text.HardFault_Handler
                0x08004a5c        0x8 CMakeFiles/STM32C542CC_LSM6DS3TR-C_LIS2MDL_Project1.dir/user_modifiable/Device/STM32C542CCT6/startup_stm32c542xx.c.obj
                0x08004a5c                HardFault_Handler
 .text.Default_IRQHandler
                0x08004a64        0x8 CMakeFiles/STM32C542CC_LSM6DS3TR-C_LIS2MDL_Project1.dir/user_modifiable/Device/STM32C542CCT6/startup_stm32c542xx.c.obj
                0x08004a64                EXTI2_IRQHandler
                0x08004a64                TIM8_CC_IRQHandler
                0x08004a64                EXTI5_IRQHandler
                0x08004a64                DebugMon_Handler
                0x08004a64                TIM8_TRGI_COM_DIR_IDX_IRQHandler
                0x08004a64                EXTI13_IRQHandler
                0x08004a64                LPDMA2_CH1_IRQHandler
                0x08004a64                I2C1_ERR_IRQHandler
                0x08004a64                TIM1_CC_IRQHandler
                0x08004a64                TAMP_IRQHandler
                0x08004a64                TIM6_IRQHandler
                0x08004a64                EXTI12_IRQHandler
                0x08004a64                CORDIC_IRQHandler
                0x08004a64                PendSV_Handler
                0x08004a64                USB_DRD_FS_IRQHandler
                0x08004a64                NMI_Handler
                0x08004a64                EXTI3_IRQHandler
                0x08004a64                EXTI8_IRQHandler
                0x08004a64                PWR_PVD_IRQHandler
                0x08004a64                EXTI0_IRQHandler
                0x08004a64                FPU_IRQHandler
                0x08004a64                FDCAN1_IT1_IRQHandler
                0x08004a64                RAMCFG_IRQHandler
                0x08004a64                UsageFault_Handler
                0x08004a64                TIM1_UPD_IRQHandler
                0x08004a64                SPI1_IRQHandler
                0x08004a64                ADC1_IRQHandler
                0x08004a64                EXTI15_IRQHandler
                0x08004a64                RTC_IRQHandler
                0x08004a64                EXTI9_IRQHandler
                0x08004a64                UART5_IRQHandler
                0x08004a64                LPDMA2_CH3_IRQHandler
                0x08004a64                LPDMA1_CH1_IRQHandler
                0x08004a64                I2C1_EV_IRQHandler
                0x08004a64                UART4_IRQHandler
                0x08004a64                RCC_IRQHandler
                0x08004a64                COMP2_IRQHandler
                0x08004a64                LPDMA2_CH2_IRQHandler
                0x08004a64                TIM12_IRQHandler
                0x08004a64                TIM7_IRQHandler
                0x08004a64                I3C1_EV_IRQHandler
                0x08004a64                TIM15_IRQHandler
                0x08004a64                TIM8_BRK_TERR_IERR_IRQHandler
                0x08004a64                TIM8_UPD_IRQHandler
                0x08004a64                SPI2_IRQHandler
                0x08004a64                MemManage_Handler
                0x08004a64                LPDMA1_CH3_IRQHandler
                0x08004a64                EXTI14_IRQHandler
                0x08004a64                EXTI11_IRQHandler
                0x08004a64                SVC_Handler
                0x08004a64                CRS_IRQHandler
                0x08004a64                EXTI4_IRQHandler
                0x08004a64                TIM1_BRK_TERR_IERR_IRQHandler
                0x08004a64                RNG_IRQHandler
                0x08004a64                FDCAN2_IT1_IRQHandler
                0x08004a64                TIM1_TRGI_COM_DIR_IDX_IRQHandler
                0x08004a64                LPDMA2_CH0_IRQHandler
                0x08004a64                I3C1_ERR_IRQHandler
                0x08004a64                WWDG_IRQHandler
                0x08004a64                Default_IRQHandler
                0x08004a64                FDCAN2_IT0_IRQHandler
                0x08004a64                IWDG_IRQHandler
                0x08004a64                LPUART1_IRQHandler
                0x08004a64                FDCAN1_IT0_IRQHandler
                0x08004a64                TIM2_IRQHandler
                0x08004a64                LPDMA1_CH2_IRQHandler
                0x08004a64                EXTI7_IRQHandler
                0x08004a64                EXTI1_IRQHandler
                0x08004a64                AES_IRQHandler
                0x08004a64                DAC1_IRQHandler
                0x08004a64                USART2_IRQHandler
                0x08004a64                FLASH_IRQHandler
                0x08004a64                BusFault_Handler
                0x08004a64                USART1_IRQHandler
                0x08004a64                EXTI10_IRQHandler
                0x08004a64                LPDMA1_CH0_IRQHandler
                0x08004a64                EXTI6_IRQHandler
                0x08004a64                COMP1_IRQHandler
                0x08004a64                LPTIM1_IRQHandler
                0x08004a64                ICACHE_IRQHandler
                0x08004a64                HASH_IRQHandler
 .text.Default_IRQHandler_Hook
                0x08004a6c        0x8 CMakeFiles/STM32C542CC_LSM6DS3TR-C_LIS2MDL_Project1.dir/user_modifiable/Device/STM32C542CCT6/startup_stm32c542xx.c.obj
                0x08004a6c                Default_IRQHandler_Hook
 .text.LL_RCC_GetAHBPrescaler
                0x08004a74       0x1c CMakeFiles/STM32C542CC_LSM6DS3TR-C_LIS2MDL_Project1.dir/stm32c5xx_drivers/hal/stm32c5xx_hal.c.obj
 .text.LL_FLASH_EnablePrefetch
                0x08004a90       0x20 CMakeFiles/STM32C542CC_LSM6DS3TR-C_LIS2MDL_Project1.dir/stm32c5xx_drivers/hal/stm32c5xx_hal.c.obj
 .text.HAL_Init
                0x08004ab0       0x44 CMakeFiles/STM32C542CC_LSM6DS3TR-C_LIS2MDL_Project1.dir/stm32c5xx_drivers/hal/stm32c5xx_hal.c.obj
                0x08004ab0                HAL_Init
 .text.HAL_InitTick
                0x08004af4       0x68 CMakeFiles/STM32C542CC_LSM6DS3TR-C_LIS2MDL_Project1.dir/stm32c5xx_drivers/hal/stm32c5xx_hal.c.obj
                0x08004af4                HAL_InitTick
 .text.HAL_UpdateCoreClock
                0x08004b5c       0x30 CMakeFiles/STM32C542CC_LSM6DS3TR-C_LIS2MDL_Project1.dir/stm32c5xx_drivers/hal/stm32c5xx_hal.c.obj
                0x08004b5c                HAL_UpdateCoreClock
 .text.HAL_IncTick
                0x08004b8c       0x28 CMakeFiles/STM32C542CC_LSM6DS3TR-C_LIS2MDL_Project1.dir/stm32c5xx_drivers/hal/stm32c5xx_hal.c.obj
                0x08004b8c                HAL_IncTick
 .text.HAL_GetTick
                0x08004bb4       0x18 CMakeFiles/STM32C542CC_LSM6DS3TR-C_LIS2MDL_Project1.dir/stm32c5xx_drivers/hal/stm32c5xx_hal.c.obj
                0x08004bb4                HAL_GetTick
 .text.HAL_Delay
                0x08004bcc       0x4c CMakeFiles/STM32C542CC_LSM6DS3TR-C_LIS2MDL_Project1.dir/stm32c5xx_drivers/hal/stm32c5xx_hal.c.obj
                0x08004bcc                HAL_Delay
 .text.__NVIC_SetPriorityGrouping
                0x08004c18       0x48 CMakeFiles/STM32C542CC_LSM6DS3TR-C_LIS2MDL_Project1.dir/stm32c5xx_drivers/hal/stm32c5xx_hal_cortex.c.obj
 .text.__NVIC_GetPriorityGrouping
                0x08004c60       0x1c CMakeFiles/STM32C542CC_LSM6DS3TR-C_LIS2MDL_Project1.dir/stm32c5xx_drivers/hal/stm32c5xx_hal_cortex.c.obj
 .text.__NVIC_SetPriority
                0x08004c7c       0x54 CMakeFiles/STM32C542CC_LSM6DS3TR-C_LIS2MDL_Project1.dir/stm32c5xx_drivers/hal/stm32c5xx_hal_cortex.c.obj
 .text.NVIC_EncodePriority
                0x08004cd0       0x66 CMakeFiles/STM32C542CC_LSM6DS3TR-C_LIS2MDL_Project1.dir/stm32c5xx_drivers/hal/stm32c5xx_hal_cortex.c.obj
 *fill*         0x08004d36        0x2 
 .text.ARM_MPU_Enable
                0x08004d38       0x44 CMakeFiles/STM32C542CC_LSM6DS3TR-C_LIS2MDL_Project1.dir/stm32c5xx_drivers/hal/stm32c5xx_hal_cortex.c.obj
 .text.ARM_MPU_Disable
                0x08004d7c       0x40 CMakeFiles/STM32C542CC_LSM6DS3TR-C_LIS2MDL_Project1.dir/stm32c5xx_drivers/hal/stm32c5xx_hal_cortex.c.obj
 .text.ARM_MPU_SetMemAttrEx
                0x08004dbc       0x6a CMakeFiles/STM32C542CC_LSM6DS3TR-C_LIS2MDL_Project1.dir/stm32c5xx_drivers/hal/stm32c5xx_hal_cortex.c.obj
 *fill*         0x08004e26        0x2 
 .text.ARM_MPU_SetMemAttr
                0x08004e28       0x28 CMakeFiles/STM32C542CC_LSM6DS3TR-C_LIS2MDL_Project1.dir/stm32c5xx_drivers/hal/stm32c5xx_hal_cortex.c.obj
 .text.ARM_MPU_SetRegionEx
                0x08004e50       0x2c CMakeFiles/STM32C542CC_LSM6DS3TR-C_LIS2MDL_Project1.dir/stm32c5xx_drivers/hal/stm32c5xx_hal_cortex.c.obj
 .text.ARM_MPU_SetRegion
                0x08004e7c       0x24 CMakeFiles/STM32C542CC_LSM6DS3TR-C_LIS2MDL_Project1.dir/stm32c5xx_drivers/hal/stm32c5xx_hal_cortex.c.obj
 .text.SysTick_SetClkSource
                0x08004ea0       0x38 CMakeFiles/STM32C542CC_LSM6DS3TR-C_LIS2MDL_Project1.dir/stm32c5xx_drivers/hal/stm32c5xx_hal_cortex.c.obj
 .text.SysTick_GetClkSource
                0x08004ed8       0x1c CMakeFiles/STM32C542CC_LSM6DS3TR-C_LIS2MDL_Project1.dir/stm32c5xx_drivers/hal/stm32c5xx_hal_cortex.c.obj
 .text.SysTick_EnableIT
                0x08004ef4       0x20 CMakeFiles/STM32C542CC_LSM6DS3TR-C_LIS2MDL_Project1.dir/stm32c5xx_drivers/hal/stm32c5xx_hal_cortex.c.obj
 .text.SysTick_Enable
                0x08004f14       0x20 CMakeFiles/STM32C542CC_LSM6DS3TR-C_LIS2MDL_Project1.dir/stm32c5xx_drivers/hal/stm32c5xx_hal_cortex.c.obj
 .text.SysTick_SetReload
                0x08004f34       0x30 CMakeFiles/STM32C542CC_LSM6DS3TR-C_LIS2MDL_Project1.dir/stm32c5xx_drivers/hal/stm32c5xx_hal_cortex.c.obj
 .text.SysTick_SetCounter
                0x08004f64       0x20 CMakeFiles/STM32C542CC_LSM6DS3TR-C_LIS2MDL_Project1.dir/stm32c5xx_drivers/hal/stm32c5xx_hal_cortex.c.obj
 .text.HAL_CORTEX_NVIC_SetPriorityGrouping
                0x08004f84       0x1a CMakeFiles/STM32C542CC_LSM6DS3TR-C_LIS2MDL_Project1.dir/stm32c5xx_drivers/hal/stm32c5xx_hal_cortex.c.obj
                0x08004f84                HAL_CORTEX_NVIC_SetPriorityGrouping
 .text.HAL_CORTEX_NVIC_SetPriority
                0x08004f9e       0x36 CMakeFiles/STM32C542CC_LSM6DS3TR-C_LIS2MDL_Project1.dir/stm32c5xx_drivers/hal/stm32c5xx_hal_cortex.c.obj
                0x08004f9e                HAL_CORTEX_NVIC_SetPriority
 .text.HAL_CORTEX_SYSTICK_SetFreq
                0x08004fd4       0x5a CMakeFiles/STM32C542CC_LSM6DS3TR-C_LIS2MDL_Project1.dir/stm32c5xx_drivers/hal/stm32c5xx_hal_cortex.c.obj
                0x08004fd4                HAL_CORTEX_SYSTICK_SetFreq
 .text.HAL_CORTEX_SYSTICK_SetClkSource
                0x0800502e       0x1a CMakeFiles/STM32C542CC_LSM6DS3TR-C_LIS2MDL_Project1.dir/stm32c5xx_drivers/hal/stm32c5xx_hal_cortex.c.obj
                0x0800502e                HAL_CORTEX_SYSTICK_SetClkSource
 .text.HAL_CORTEX_SYSTICK_IRQHandler
                0x08005048        0xc CMakeFiles/STM32C542CC_LSM6DS3TR-C_LIS2MDL_Project1.dir/stm32c5xx_drivers/hal/stm32c5xx_hal_cortex.c.obj
                0x08005048                HAL_CORTEX_SYSTICK_IRQHandler
 .text.HAL_CORTEX_SYSTICK_Callback
                0x08005054        0xe CMakeFiles/STM32C542CC_LSM6DS3TR-C_LIS2MDL_Project1.dir/stm32c5xx_drivers/hal/stm32c5xx_hal_cortex.c.obj
                0x08005054                HAL_CORTEX_SYSTICK_Callback
 .text.HAL_CORTEX_MPU_Enable
                0x08005062       0x26 CMakeFiles/STM32C542CC_LSM6DS3TR-C_LIS2MDL_Project1.dir/stm32c5xx_drivers/hal/stm32c5xx_hal_cortex.c.obj
                0x08005062                HAL_CORTEX_MPU_Enable
 .text.HAL_CORTEX_MPU_Disable
                0x08005088        0xc CMakeFiles/STM32C542CC_LSM6DS3TR-C_LIS2MDL_Project1.dir/stm32c5xx_drivers/hal/stm32c5xx_hal_cortex.c.obj
                0x08005088                HAL_CORTEX_MPU_Disable
 .text.HAL_CORTEX_MPU_SetCacheMemAttr
                0x08005094       0x2a CMakeFiles/STM32C542CC_LSM6DS3TR-C_LIS2MDL_Project1.dir/stm32c5xx_drivers/hal/stm32c5xx_hal_cortex.c.obj
                0x08005094                HAL_CORTEX_MPU_SetCacheMemAttr
 .text.HAL_CORTEX_MPU_SetConfigRegion
                0x080050be       0x48 CMakeFiles/STM32C542CC_LSM6DS3TR-C_LIS2MDL_Project1.dir/stm32c5xx_drivers/hal/stm32c5xx_hal_cortex.c.obj
                0x080050be                HAL_CORTEX_MPU_SetConfigRegion
 *fill*         0x08005106        0x2 
 .text.HAL_CORTEX_MPU_EnableRegion
                0x08005108       0x2c CMakeFiles/STM32C542CC_LSM6DS3TR-C_LIS2MDL_Project1.dir/stm32c5xx_drivers/hal/stm32c5xx_hal_cortex.c.obj
                0x08005108                HAL_CORTEX_MPU_EnableRegion
 .text.LL_FLASH_SetLatency
                0x08005134       0x26 CMakeFiles/STM32C542CC_LSM6DS3TR-C_LIS2MDL_Project1.dir/stm32c5xx_drivers/hal/stm32c5xx_hal_flash_itf.c.obj
 .text.LL_FLASH_SetProgrammingDelay
                0x0800515a       0x26 CMakeFiles/STM32C542CC_LSM6DS3TR-C_LIS2MDL_Project1.dir/stm32c5xx_drivers/hal/stm32c5xx_hal_flash_itf.c.obj
 .text.HAL_FLASH_ITF_SetLatency
                0x08005180       0x24 CMakeFiles/STM32C542CC_LSM6DS3TR-C_LIS2MDL_Project1.dir/stm32c5xx_drivers/hal/stm32c5xx_hal_flash_itf.c.obj
                0x08005180                HAL_FLASH_ITF_SetLatency
 .text.HAL_FLASH_ITF_SetProgrammingDelay
                0x080051a4       0x24 CMakeFiles/STM32C542CC_LSM6DS3TR-C_LIS2MDL_Project1.dir/stm32c5xx_drivers/hal/stm32c5xx_hal_flash_itf.c.obj
                0x080051a4                HAL_FLASH_ITF_SetProgrammingDelay
 .text.LL_GPIO_SetPinMode
                0x080051c8       0x9c CMakeFiles/STM32C542CC_LSM6DS3TR-C_LIS2MDL_Project1.dir/stm32c5xx_drivers/hal/stm32c5xx_hal_gpio.c.obj
 .text.LL_GPIO_SetPinOutputType
                0x08005264       0x56 CMakeFiles/STM32C542CC_LSM6DS3TR-C_LIS2MDL_Project1.dir/stm32c5xx_drivers/hal/stm32c5xx_hal_gpio.c.obj
 .text.LL_GPIO_SetPinSpeed
                0x080052ba       0xa0 CMakeFiles/STM32C542CC_LSM6DS3TR-C_LIS2MDL_Project1.dir/stm32c5xx_drivers/hal/stm32c5xx_hal_gpio.c.obj
 .text.LL_GPIO_SetPinPull
                0x0800535a       0xa0 CMakeFiles/STM32C542CC_LSM6DS3TR-C_LIS2MDL_Project1.dir/stm32c5xx_drivers/hal/stm32c5xx_hal_gpio.c.obj
 .text.LL_GPIO_SetAFPin_0_7
                0x080053fa       0xa0 CMakeFiles/STM32C542CC_LSM6DS3TR-C_LIS2MDL_Project1.dir/stm32c5xx_drivers/hal/stm32c5xx_hal_gpio.c.obj
 .text.LL_GPIO_SetAFPin_8_15
                0x0800549a       0xa4 CMakeFiles/STM32C542CC_LSM6DS3TR-C_LIS2MDL_Project1.dir/stm32c5xx_drivers/hal/stm32c5xx_hal_gpio.c.obj
 .text.LL_GPIO_WriteOutputPin
                0x0800553e       0x2a CMakeFiles/STM32C542CC_LSM6DS3TR-C_LIS2MDL_Project1.dir/stm32c5xx_drivers/hal/stm32c5xx_hal_gpio.c.obj
 .text.HAL_GPIO_Init
                0x08005568      0x128 CMakeFiles/STM32C542CC_LSM6DS3TR-C_LIS2MDL_Project1.dir/stm32c5xx_drivers/hal/stm32c5xx_hal_gpio.c.obj
                0x08005568                HAL_GPIO_Init
 .text.HAL_GPIO_WritePin
                0x08005690       0x22 CMakeFiles/STM32C542CC_LSM6DS3TR-C_LIS2MDL_Project1.dir/stm32c5xx_drivers/hal/stm32c5xx_hal_gpio.c.obj
                0x08005690                HAL_GPIO_WritePin
 .text.LL_I2C_Enable
                0x080056b2       0x20 CMakeFiles/STM32C542CC_LSM6DS3TR-C_LIS2MDL_Project1.dir/stm32c5xx_drivers/hal/stm32c5xx_hal_i2c.c.obj
 .text.LL_I2C_Disable
                0x080056d2       0x20 CMakeFiles/STM32C542CC_LSM6DS3TR-C_LIS2MDL_Project1.dir/stm32c5xx_drivers/hal/stm32c5xx_hal_i2c.c.obj
 .text.LL_I2C_EnableAnalogFilter
                0x080056f2       0x20 CMakeFiles/STM32C542CC_LSM6DS3TR-C_LIS2MDL_Project1.dir/stm32c5xx_drivers/hal/stm32c5xx_hal_i2c.c.obj
 .text.LL_I2C_SetMasterAddressingMode
                0x08005712       0x26 CMakeFiles/STM32C542CC_LSM6DS3TR-C_LIS2MDL_Project1.dir/stm32c5xx_drivers/hal/stm32c5xx_hal_i2c.c.obj
 .text.LL_I2C_DisableOwnAddress1AndMode
                0x08005738       0x20 CMakeFiles/STM32C542CC_LSM6DS3TR-C_LIS2MDL_Project1.dir/stm32c5xx_drivers/hal/stm32c5xx_hal_i2c.c.obj
 .text.LL_I2C_ConfigOwnAddress1
                0x08005758       0x26 CMakeFiles/STM32C542CC_LSM6DS3TR-C_LIS2MDL_Project1.dir/stm32c5xx_drivers/hal/stm32c5xx_hal_i2c.c.obj
 .text.LL_I2C_SetTiming
                0x0800577e       0x20 CMakeFiles/STM32C542CC_LSM6DS3TR-C_LIS2MDL_Project1.dir/stm32c5xx_drivers/hal/stm32c5xx_hal_i2c.c.obj
 .text.LL_I2C_IsActiveFlag
                0x0800579e       0x2a CMakeFiles/STM32C542CC_LSM6DS3TR-C_LIS2MDL_Project1.dir/stm32c5xx_drivers/hal/stm32c5xx_hal_i2c.c.obj
 .text.LL_I2C_IsActiveFlag_TXE
                0x080057c8       0x26 CMakeFiles/STM32C542CC_LSM6DS3TR-C_LIS2MDL_Project1.dir/stm32c5xx_drivers/hal/stm32c5xx_hal_i2c.c.obj
 .text.LL_I2C_IsActiveFlag_TXIS
                0x080057ee       0x26 CMakeFiles/STM32C542CC_LSM6DS3TR-C_LIS2MDL_Project1.dir/stm32c5xx_drivers/hal/stm32c5xx_hal_i2c.c.obj
 .text.LL_I2C_IsActiveFlag_STOP
                0x08005814       0x26 CMakeFiles/STM32C542CC_LSM6DS3TR-C_LIS2MDL_Project1.dir/stm32c5xx_drivers/hal/stm32c5xx_hal_i2c.c.obj
 .text.LL_I2C_IsActiveFlag_BUSY
                0x0800583a       0x28 CMakeFiles/STM32C542CC_LSM6DS3TR-C_LIS2MDL_Project1.dir/stm32c5xx_drivers/hal/stm32c5xx_hal_i2c.c.obj
 .text.LL_I2C_ClearFlag_NACK
                0x08005862       0x20 CMakeFiles/STM32C542CC_LSM6DS3TR-C_LIS2MDL_Project1.dir/stm32c5xx_drivers/hal/stm32c5xx_hal_i2c.c.obj
 .text.LL_I2C_ClearFlag_STOP
                0x08005882       0x20 CMakeFiles/STM32C542CC_LSM6DS3TR-C_LIS2MDL_Project1.dir/stm32c5xx_drivers/hal/stm32c5xx_hal_i2c.c.obj
 .text.LL_I2C_ClearFlag_TXE
                0x080058a2       0x1a CMakeFiles/STM32C542CC_LSM6DS3TR-C_LIS2MDL_Project1.dir/stm32c5xx_drivers/hal/stm32c5xx_hal_i2c.c.obj
 .text.LL_I2C_ClearFlag_BERR
                0x080058bc       0x20 CMakeFiles/STM32C542CC_LSM6DS3TR-C_LIS2MDL_Project1.dir/stm32c5xx_drivers/hal/stm32c5xx_hal_i2c.c.obj
 .text.LL_I2C_ClearFlag_ARLO
                0x080058dc       0x20 CMakeFiles/STM32C542CC_LSM6DS3TR-C_LIS2MDL_Project1.dir/stm32c5xx_drivers/hal/stm32c5xx_hal_i2c.c.obj
 .text.LL_I2C_ClearFlag_OVR
                0x080058fc       0x20 CMakeFiles/STM32C542CC_LSM6DS3TR-C_LIS2MDL_Project1.dir/stm32c5xx_drivers/hal/stm32c5xx_hal_i2c.c.obj
 .text.LL_I2C_GenerateStopCondition
                0x0800591c       0x20 CMakeFiles/STM32C542CC_LSM6DS3TR-C_LIS2MDL_Project1.dir/stm32c5xx_drivers/hal/stm32c5xx_hal_i2c.c.obj
 .text.LL_I2C_ReceiveData8
                0x0800593c       0x1a CMakeFiles/STM32C542CC_LSM6DS3TR-C_LIS2MDL_Project1.dir/stm32c5xx_drivers/hal/stm32c5xx_hal_i2c.c.obj
 .text.LL_I2C_TransmitData8
                0x08005956       0x1e CMakeFiles/STM32C542CC_LSM6DS3TR-C_LIS2MDL_Project1.dir/stm32c5xx_drivers/hal/stm32c5xx_hal_i2c.c.obj
 .text.HAL_I2C_Init
                0x08005974       0x6c CMakeFiles/STM32C542CC_LSM6DS3TR-C_LIS2MDL_Project1.dir/stm32c5xx_drivers/hal/stm32c5xx_hal_i2c.c.obj
                0x08005974                HAL_I2C_Init
 .text.HAL_I2C_SetConfig
                0x080059e0       0x86 CMakeFiles/STM32C542CC_LSM6DS3TR-C_LIS2MDL_Project1.dir/stm32c5xx_drivers/hal/stm32c5xx_hal_i2c.c.obj
                0x080059e0                HAL_I2C_SetConfig
 .text.HAL_I2C_EnableAnalogFilter
                0x08005a66       0x2c CMakeFiles/STM32C542CC_LSM6DS3TR-C_LIS2MDL_Project1.dir/stm32c5xx_drivers/hal/stm32c5xx_hal_i2c.c.obj
                0x08005a66                HAL_I2C_EnableAnalogFilter
 *fill*         0x08005a92        0x2 
 .text.HAL_I2C_MASTER_MemWrite
                0x08005a94      0x1c8 CMakeFiles/STM32C542CC_LSM6DS3TR-C_LIS2MDL_Project1.dir/stm32c5xx_drivers/hal/stm32c5xx_hal_i2c.c.obj
                0x08005a94                HAL_I2C_MASTER_MemWrite
 .text.HAL_I2C_MASTER_MemRead
                0x08005c5c      0x1d4 CMakeFiles/STM32C542CC_LSM6DS3TR-C_LIS2MDL_Project1.dir/stm32c5xx_drivers/hal/stm32c5xx_hal_i2c.c.obj
                0x08005c5c                HAL_I2C_MASTER_MemRead
 .text.I2C_RequestMemoryWrite
                0x08005e30       0xa0 CMakeFiles/STM32C542CC_LSM6DS3TR-C_LIS2MDL_Project1.dir/stm32c5xx_drivers/hal/stm32c5xx_hal_i2c.c.obj
 .text.I2C_RequestMemoryRead
                0x08005ed0       0xa0 CMakeFiles/STM32C542CC_LSM6DS3TR-C_LIS2MDL_Project1.dir/stm32c5xx_drivers/hal/stm32c5xx_hal_i2c.c.obj
 .text.I2C_Flush_TXDR
                0x08005f70       0x36 CMakeFiles/STM32C542CC_LSM6DS3TR-C_LIS2MDL_Project1.dir/stm32c5xx_drivers/hal/stm32c5xx_hal_i2c.c.obj
 .text.I2C_WaitOnFlagUntilTimeout
                0x08005fa6       0x8c CMakeFiles/STM32C542CC_LSM6DS3TR-C_LIS2MDL_Project1.dir/stm32c5xx_drivers/hal/stm32c5xx_hal_i2c.c.obj
 .text.I2C_WaitOnTXISFlagUntilTimeout
                0x08006032       0x82 CMakeFiles/STM32C542CC_LSM6DS3TR-C_LIS2MDL_Project1.dir/stm32c5xx_drivers/hal/stm32c5xx_hal_i2c.c.obj
 .text.I2C_WaitOnSTOPFlagUntilTimeout
                0x080060b4       0x7a CMakeFiles/STM32C542CC_LSM6DS3TR-C_LIS2MDL_Project1.dir/stm32c5xx_drivers/hal/stm32c5xx_hal_i2c.c.obj
 *fill*         0x0800612e        0x2 
 .text.I2C_IsErrorOccurred
                0x08006130      0x178 CMakeFiles/STM32C542CC_LSM6DS3TR-C_LIS2MDL_Project1.dir/stm32c5xx_drivers/hal/stm32c5xx_hal_i2c.c.obj
 .text.I2C_TransferConfig
                0x080062a8       0x58 CMakeFiles/STM32C542CC_LSM6DS3TR-C_LIS2MDL_Project1.dir/stm32c5xx_drivers/hal/stm32c5xx_hal_i2c.c.obj
 .text.LL_ICACHE_Enable
                0x08006300       0x20 CMakeFiles/STM32C542CC_LSM6DS3TR-C_LIS2MDL_Project1.dir/stm32c5xx_drivers/hal/stm32c5xx_hal_icache.c.obj
 .text.LL_ICACHE_EnableIT
                0x08006320       0x22 CMakeFiles/STM32C542CC_LSM6DS3TR-C_LIS2MDL_Project1.dir/stm32c5xx_drivers/hal/stm32c5xx_hal_icache.c.obj
 .text.HAL_ICACHE_Init
                0x08006342       0x28 CMakeFiles/STM32C542CC_LSM6DS3TR-C_LIS2MDL_Project1.dir/stm32c5xx_drivers/hal/stm32c5xx_hal_icache.c.obj
                0x08006342                HAL_ICACHE_Init
 .text.HAL_ICACHE_Start
                0x0800636a       0x32 CMakeFiles/STM32C542CC_LSM6DS3TR-C_LIS2MDL_Project1.dir/stm32c5xx_drivers/hal/stm32c5xx_hal_icache.c.obj
                0x0800636a                HAL_ICACHE_Start
 .text.LL_RCC_LSI_IsReady
                0x0800639c       0x28 CMakeFiles/STM32C542CC_LSM6DS3TR-C_LIS2MDL_Project1.dir/stm32c5xx_drivers/hal/stm32c5xx_hal_rcc.c.obj
 .text.LL_RCC_HSIS_Enable
                0x080063c4       0x20 CMakeFiles/STM32C542CC_LSM6DS3TR-C_LIS2MDL_Project1.dir/stm32c5xx_drivers/hal/stm32c5xx_hal_rcc.c.obj
 .text.LL_RCC_HSIS_IsReady
                0x080063e4       0x24 CMakeFiles/STM32C542CC_LSM6DS3TR-C_LIS2MDL_Project1.dir/stm32c5xx_drivers/hal/stm32c5xx_hal_rcc.c.obj
 .text.LL_RCC_HSIK_IsReady
                0x08006408       0x24 CMakeFiles/STM32C542CC_LSM6DS3TR-C_LIS2MDL_Project1.dir/stm32c5xx_drivers/hal/stm32c5xx_hal_rcc.c.obj
 .text.LL_RCC_HSIK_GetDivider
                0x0800642c       0x1c CMakeFiles/STM32C542CC_LSM6DS3TR-C_LIS2MDL_Project1.dir/stm32c5xx_drivers/hal/stm32c5xx_hal_rcc.c.obj
 .text.LL_RCC_PSIS_Enable
                0x08006448       0x20 CMakeFiles/STM32C542CC_LSM6DS3TR-C_LIS2MDL_Project1.dir/stm32c5xx_drivers/hal/stm32c5xx_hal_rcc.c.obj
 .text.LL_RCC_PSIS_IsReady
                0x08006468       0x28 CMakeFiles/STM32C542CC_LSM6DS3TR-C_LIS2MDL_Project1.dir/stm32c5xx_drivers/hal/stm32c5xx_hal_rcc.c.obj
 .text.LL_RCC_PSIDIV3_IsReady
                0x08006490       0x28 CMakeFiles/STM32C542CC_LSM6DS3TR-C_LIS2MDL_Project1.dir/stm32c5xx_drivers/hal/stm32c5xx_hal_rcc.c.obj
 .text.LL_RCC_PSIK_IsReady
                0x080064b8       0x28 CMakeFiles/STM32C542CC_LSM6DS3TR-C_LIS2MDL_Project1.dir/stm32c5xx_drivers/hal/stm32c5xx_hal_rcc.c.obj
 .text.LL_RCC_PSIK_GetDivider
                0x080064e0       0x1c CMakeFiles/STM32C542CC_LSM6DS3TR-C_LIS2MDL_Project1.dir/stm32c5xx_drivers/hal/stm32c5xx_hal_rcc.c.obj
 .text.LL_RCC_ConfigPSI
                0x080064fc       0x38 CMakeFiles/STM32C542CC_LSM6DS3TR-C_LIS2MDL_Project1.dir/stm32c5xx_drivers/hal/stm32c5xx_hal_rcc.c.obj
 .text.LL_RCC_GetConfigPSI
                0x08006534       0x40 CMakeFiles/STM32C542CC_LSM6DS3TR-C_LIS2MDL_Project1.dir/stm32c5xx_drivers/hal/stm32c5xx_hal_rcc.c.obj
 .text.LL_RCC_SetSysClkSource
                0x08006574       0x28 CMakeFiles/STM32C542CC_LSM6DS3TR-C_LIS2MDL_Project1.dir/stm32c5xx_drivers/hal/stm32c5xx_hal_rcc.c.obj
 .text.LL_RCC_GetSysClkSource
                0x0800659c       0x1c CMakeFiles/STM32C542CC_LSM6DS3TR-C_LIS2MDL_Project1.dir/stm32c5xx_drivers/hal/stm32c5xx_hal_rcc.c.obj
 .text.LL_RCC_GetAHBPrescaler
                0x080065b8       0x1c CMakeFiles/STM32C542CC_LSM6DS3TR-C_LIS2MDL_Project1.dir/stm32c5xx_drivers/hal/stm32c5xx_hal_rcc.c.obj
 .text.LL_RCC_GetSystickClockSource
                0x080065d4       0x1c CMakeFiles/STM32C542CC_LSM6DS3TR-C_LIS2MDL_Project1.dir/stm32c5xx_drivers/hal/stm32c5xx_hal_rcc.c.obj
 .text.LL_RCC_GetAPB1Prescaler
                0x080065f0       0x1c CMakeFiles/STM32C542CC_LSM6DS3TR-C_LIS2MDL_Project1.dir/stm32c5xx_drivers/hal/stm32c5xx_hal_rcc.c.obj
 .text.LL_RCC_GetAPB2Prescaler
                0x0800660c       0x1c CMakeFiles/STM32C542CC_LSM6DS3TR-C_LIS2MDL_Project1.dir/stm32c5xx_drivers/hal/stm32c5xx_hal_rcc.c.obj
 .text.LL_RCC_GetAPB3Prescaler
                0x08006628       0x1c CMakeFiles/STM32C542CC_LSM6DS3TR-C_LIS2MDL_Project1.dir/stm32c5xx_drivers/hal/stm32c5xx_hal_rcc.c.obj
 .text.LL_RCC_ConfigBusClock
                0x08006644       0x2c CMakeFiles/STM32C542CC_LSM6DS3TR-C_LIS2MDL_Project1.dir/stm32c5xx_drivers/hal/stm32c5xx_hal_rcc.c.obj
 .text.LL_RCC_SetClockSource
                0x08006670       0x54 CMakeFiles/STM32C542CC_LSM6DS3TR-C_LIS2MDL_Project1.dir/stm32c5xx_drivers/hal/stm32c5xx_hal_rcc.c.obj
 .text.LL_RCC_SetUSARTClockSource
                0x080066c4       0x16 CMakeFiles/STM32C542CC_LSM6DS3TR-C_LIS2MDL_Project1.dir/stm32c5xx_drivers/hal/stm32c5xx_hal_rcc.c.obj
 .text.LL_RCC_SetI2CClockSource
                0x080066da       0x16 CMakeFiles/STM32C542CC_LSM6DS3TR-C_LIS2MDL_Project1.dir/stm32c5xx_drivers/hal/stm32c5xx_hal_rcc.c.obj
 .text.LL_RCC_GetClockSource
                0x080066f0       0x48 CMakeFiles/STM32C542CC_LSM6DS3TR-C_LIS2MDL_Project1.dir/stm32c5xx_drivers/hal/stm32c5xx_hal_rcc.c.obj
 .text.LL_RCC_GetUSARTClockSource
                0x08006738       0x18 CMakeFiles/STM32C542CC_LSM6DS3TR-C_LIS2MDL_Project1.dir/stm32c5xx_drivers/hal/stm32c5xx_hal_rcc.c.obj
 .text.LL_RCC_GetUARTClockSource
                0x08006750       0x18 CMakeFiles/STM32C542CC_LSM6DS3TR-C_LIS2MDL_Project1.dir/stm32c5xx_drivers/hal/stm32c5xx_hal_rcc.c.obj
 .text.LL_RCC_GetLPUARTClockSource
                0x08006768       0x24 CMakeFiles/STM32C542CC_LSM6DS3TR-C_LIS2MDL_Project1.dir/stm32c5xx_drivers/hal/stm32c5xx_hal_rcc.c.obj
 .text.HAL_RCC_HSIS_Enable
                0x0800678c       0x1c CMakeFiles/STM32C542CC_LSM6DS3TR-C_LIS2MDL_Project1.dir/stm32c5xx_drivers/hal/stm32c5xx_hal_rcc.c.obj
                0x0800678c                HAL_RCC_HSIS_Enable
 .text.HAL_RCC_PSIS_Enable
                0x080067a8       0x1c CMakeFiles/STM32C542CC_LSM6DS3TR-C_LIS2MDL_Project1.dir/stm32c5xx_drivers/hal/stm32c5xx_hal_rcc.c.obj
                0x080067a8                HAL_RCC_PSIS_Enable
 .text.HAL_RCC_PSI_SetConfig
                0x080067c4       0x50 CMakeFiles/STM32C542CC_LSM6DS3TR-C_LIS2MDL_Project1.dir/stm32c5xx_drivers/hal/stm32c5xx_hal_rcc.c.obj
                0x080067c4                HAL_RCC_PSI_SetConfig
 .text.HAL_RCC_PSI_GetConfig
                0x08006814       0x34 CMakeFiles/STM32C542CC_LSM6DS3TR-C_LIS2MDL_Project1.dir/stm32c5xx_drivers/hal/stm32c5xx_hal_rcc.c.obj
                0x08006814                HAL_RCC_PSI_GetConfig
 .text.HAL_RCC_SetSYSCLKSource
                0x08006848       0x52 CMakeFiles/STM32C542CC_LSM6DS3TR-C_LIS2MDL_Project1.dir/stm32c5xx_drivers/hal/stm32c5xx_hal_rcc.c.obj
                0x08006848                HAL_RCC_SetSYSCLKSource
 .text.HAL_RCC_GetSYSCLKSource
                0x0800689a       0x12 CMakeFiles/STM32C542CC_LSM6DS3TR-C_LIS2MDL_Project1.dir/stm32c5xx_drivers/hal/stm32c5xx_hal_rcc.c.obj
                0x0800689a                HAL_RCC_GetSYSCLKSource
 .text.HAL_RCC_SetBusClockConfig
                0x080068ac       0x38 CMakeFiles/STM32C542CC_LSM6DS3TR-C_LIS2MDL_Project1.dir/stm32c5xx_drivers/hal/stm32c5xx_hal_rcc.c.obj
                0x080068ac                HAL_RCC_SetBusClockConfig
 .text.HAL_RCC_GetPSIClockFreq
                0x080068e4       0x9c CMakeFiles/STM32C542CC_LSM6DS3TR-C_LIS2MDL_Project1.dir/stm32c5xx_drivers/hal/stm32c5xx_hal_rcc.c.obj
                0x080068e4                HAL_RCC_GetPSIClockFreq
 .text.HAL_RCC_GetSYSCLKFreq
                0x08006980       0x3c CMakeFiles/STM32C542CC_LSM6DS3TR-C_LIS2MDL_Project1.dir/stm32c5xx_drivers/hal/stm32c5xx_hal_rcc.c.obj
                0x08006980                HAL_RCC_GetSYSCLKFreq
 .text.HAL_RCC_GetHCLKFreq
                0x080069bc       0x20 CMakeFiles/STM32C542CC_LSM6DS3TR-C_LIS2MDL_Project1.dir/stm32c5xx_drivers/hal/stm32c5xx_hal_rcc.c.obj
                0x080069bc                HAL_RCC_GetHCLKFreq
 .text.HAL_RCC_GetPCLK1Freq
                0x080069dc       0x24 CMakeFiles/STM32C542CC_LSM6DS3TR-C_LIS2MDL_Project1.dir/stm32c5xx_drivers/hal/stm32c5xx_hal_rcc.c.obj
                0x080069dc                HAL_RCC_GetPCLK1Freq
 .text.HAL_RCC_GetPCLK2Freq
                0x08006a00       0x24 CMakeFiles/STM32C542CC_LSM6DS3TR-C_LIS2MDL_Project1.dir/stm32c5xx_drivers/hal/stm32c5xx_hal_rcc.c.obj
                0x08006a00                HAL_RCC_GetPCLK2Freq
 .text.HAL_RCC_GetPCLK3Freq
                0x08006a24       0x24 CMakeFiles/STM32C542CC_LSM6DS3TR-C_LIS2MDL_Project1.dir/stm32c5xx_drivers/hal/stm32c5xx_hal_rcc.c.obj
                0x08006a24                HAL_RCC_GetPCLK3Freq
 .text.HAL_RCC_USART1_SetKernelClkSource
                0x08006a48       0x1e CMakeFiles/STM32C542CC_LSM6DS3TR-C_LIS2MDL_Project1.dir/stm32c5xx_drivers/hal/stm32c5xx_hal_rcc.c.obj
                0x08006a48                HAL_RCC_USART1_SetKernelClkSource
 .text.HAL_RCC_I2C1_SetKernelClkSource
                0x08006a66       0x1a CMakeFiles/STM32C542CC_LSM6DS3TR-C_LIS2MDL_Project1.dir/stm32c5xx_drivers/hal/stm32c5xx_hal_rcc.c.obj
                0x08006a66                HAL_RCC_I2C1_SetKernelClkSource
 .text.HAL_RCC_UART_GetKernelClkFreq
                0x08006a80       0x88 CMakeFiles/STM32C542CC_LSM6DS3TR-C_LIS2MDL_Project1.dir/stm32c5xx_drivers/hal/stm32c5xx_hal_rcc.c.obj
                0x08006a80                HAL_RCC_UART_GetKernelClkFreq
 .text.HAL_RCC_USART1_GetKernelClkFreq
                0x08006b08       0xb0 CMakeFiles/STM32C542CC_LSM6DS3TR-C_LIS2MDL_Project1.dir/stm32c5xx_drivers/hal/stm32c5xx_hal_rcc.c.obj
                0x08006b08                HAL_RCC_USART1_GetKernelClkFreq
 .text.HAL_RCC_USART2_GetKernelClkFreq
                0x08006bb8       0xb4 CMakeFiles/STM32C542CC_LSM6DS3TR-C_LIS2MDL_Project1.dir/stm32c5xx_drivers/hal/stm32c5xx_hal_rcc.c.obj
                0x08006bb8                HAL_RCC_USART2_GetKernelClkFreq
 .text.HAL_RCC_UART4_GetKernelClkFreq
                0x08006c6c       0xb4 CMakeFiles/STM32C542CC_LSM6DS3TR-C_LIS2MDL_Project1.dir/stm32c5xx_drivers/hal/stm32c5xx_hal_rcc.c.obj
                0x08006c6c                HAL_RCC_UART4_GetKernelClkFreq
 .text.HAL_RCC_UART5_GetKernelClkFreq
                0x08006d20       0xb4 CMakeFiles/STM32C542CC_LSM6DS3TR-C_LIS2MDL_Project1.dir/stm32c5xx_drivers/hal/stm32c5xx_hal_rcc.c.obj
                0x08006d20                HAL_RCC_UART5_GetKernelClkFreq
 .text.HAL_RCC_LPUART1_GetKernelClkFreq
                0x08006dd4       0x88 CMakeFiles/STM32C542CC_LSM6DS3TR-C_LIS2MDL_Project1.dir/stm32c5xx_drivers/hal/stm32c5xx_hal_rcc.c.obj
                0x08006dd4                HAL_RCC_LPUART1_GetKernelClkFreq
 .text.HAL_RCC_GetSysTickExternalClkFreq
                0x08006e5c       0x3e CMakeFiles/STM32C542CC_LSM6DS3TR-C_LIS2MDL_Project1.dir/stm32c5xx_drivers/hal/stm32c5xx_hal_rcc.c.obj
                0x08006e5c                HAL_RCC_GetSysTickExternalClkFreq
 .text.RCC_WaitForTimeout
                0x08006e9a       0x54 CMakeFiles/STM32C542CC_LSM6DS3TR-C_LIS2MDL_Project1.dir/stm32c5xx_drivers/hal/stm32c5xx_hal_rcc.c.obj
 .text.RCC_GetDividerValue
                0x08006eee      0x132 CMakeFiles/STM32C542CC_LSM6DS3TR-C_LIS2MDL_Project1.dir/stm32c5xx_drivers/hal/stm32c5xx_hal_rcc.c.obj
 .text.LL_USART_Enable
                0x08007020       0x20 CMakeFiles/STM32C542CC_LSM6DS3TR-C_LIS2MDL_Project1.dir/stm32c5xx_drivers/hal/stm32c5xx_hal_uart.c.obj
 .text.LL_USART_Disable
                0x08007040       0x20 CMakeFiles/STM32C542CC_LSM6DS3TR-C_LIS2MDL_Project1.dir/stm32c5xx_drivers/hal/stm32c5xx_hal_uart.c.obj
 .text.LL_USART_IsEnabled
                0x08007060       0x26 CMakeFiles/STM32C542CC_LSM6DS3TR-C_LIS2MDL_Project1.dir/stm32c5xx_drivers/hal/stm32c5xx_hal_uart.c.obj
 *fill*         0x08007086        0x2 
 .text.LL_USART_ConfigXfer
                0x08007088       0x3c CMakeFiles/STM32C542CC_LSM6DS3TR-C_LIS2MDL_Project1.dir/stm32c5xx_drivers/hal/stm32c5xx_hal_uart.c.obj
 .text.LL_USART_IsEnabledDirectionRx
                0x080070c4       0x26 CMakeFiles/STM32C542CC_LSM6DS3TR-C_LIS2MDL_Project1.dir/stm32c5xx_drivers/hal/stm32c5xx_hal_uart.c.obj
 .text.LL_USART_IsEnabledDirectionTx
                0x080070ea       0x26 CMakeFiles/STM32C542CC_LSM6DS3TR-C_LIS2MDL_Project1.dir/stm32c5xx_drivers/hal/stm32c5xx_hal_uart.c.obj
 .text.LL_USART_SetTransferDirection
                0x08007110       0x48 CMakeFiles/STM32C542CC_LSM6DS3TR-C_LIS2MDL_Project1.dir/stm32c5xx_drivers/hal/stm32c5xx_hal_uart.c.obj
 .text.LL_USART_SetPrescaler
                0x08007158       0x28 CMakeFiles/STM32C542CC_LSM6DS3TR-C_LIS2MDL_Project1.dir/stm32c5xx_drivers/hal/stm32c5xx_hal_uart.c.obj
 .text.LL_USART_SetHWFlowCtrl
                0x08007180       0x26 CMakeFiles/STM32C542CC_LSM6DS3TR-C_LIS2MDL_Project1.dir/stm32c5xx_drivers/hal/stm32c5xx_hal_uart.c.obj
 .text.LL_USART_EnableOneBitSample
                0x080071a6       0x20 CMakeFiles/STM32C542CC_LSM6DS3TR-C_LIS2MDL_Project1.dir/stm32c5xx_drivers/hal/stm32c5xx_hal_uart.c.obj
 .text.LL_USART_DisableOneBitSample
                0x080071c6       0x20 CMakeFiles/STM32C542CC_LSM6DS3TR-C_LIS2MDL_Project1.dir/stm32c5xx_drivers/hal/stm32c5xx_hal_uart.c.obj
 *fill*         0x080071e6        0x2 
 .text.LL_USART_SetBaudRate
                0x080071e8       0x9c CMakeFiles/STM32C542CC_LSM6DS3TR-C_LIS2MDL_Project1.dir/stm32c5xx_drivers/hal/stm32c5xx_hal_uart.c.obj
 .text.LL_USART_IsEnabledHalfDuplex
                0x08007284       0x26 CMakeFiles/STM32C542CC_LSM6DS3TR-C_LIS2MDL_Project1.dir/stm32c5xx_drivers/hal/stm32c5xx_hal_uart.c.obj
 .text.LL_USART_ConfigAsyncMode
                0x080072aa       0x2c CMakeFiles/STM32C542CC_LSM6DS3TR-C_LIS2MDL_Project1.dir/stm32c5xx_drivers/hal/stm32c5xx_hal_uart.c.obj
 .text.LL_USART_IsActiveFlag_RTO
                0x080072d6       0x28 CMakeFiles/STM32C542CC_LSM6DS3TR-C_LIS2MDL_Project1.dir/stm32c5xx_drivers/hal/stm32c5xx_hal_uart.c.obj
 .text.LL_USART_IsActiveFlag_TEACK
                0x080072fe       0x28 CMakeFiles/STM32C542CC_LSM6DS3TR-C_LIS2MDL_Project1.dir/stm32c5xx_drivers/hal/stm32c5xx_hal_uart.c.obj
 .text.LL_USART_IsActiveFlag_REACK
                0x08007326       0x28 CMakeFiles/STM32C542CC_LSM6DS3TR-C_LIS2MDL_Project1.dir/stm32c5xx_drivers/hal/stm32c5xx_hal_uart.c.obj
 .text.LL_USART_ClearFlag_RTO
                0x0800734e       0x1c CMakeFiles/STM32C542CC_LSM6DS3TR-C_LIS2MDL_Project1.dir/stm32c5xx_drivers/hal/stm32c5xx_hal_uart.c.obj
 .text.LL_USART_DisableIT_CR1
                0x0800736a       0x46 CMakeFiles/STM32C542CC_LSM6DS3TR-C_LIS2MDL_Project1.dir/stm32c5xx_drivers/hal/stm32c5xx_hal_uart.c.obj
 .text.LL_USART_DisableIT_CR3
                0x080073b0       0x4a CMakeFiles/STM32C542CC_LSM6DS3TR-C_LIS2MDL_Project1.dir/stm32c5xx_drivers/hal/stm32c5xx_hal_uart.c.obj
 .text.LL_USART_TransmitData8
                0x080073fa       0x1e CMakeFiles/STM32C542CC_LSM6DS3TR-C_LIS2MDL_Project1.dir/stm32c5xx_drivers/hal/stm32c5xx_hal_uart.c.obj
 .text.LL_USART_TransmitData9
                0x08007418       0x22 CMakeFiles/STM32C542CC_LSM6DS3TR-C_LIS2MDL_Project1.dir/stm32c5xx_drivers/hal/stm32c5xx_hal_uart.c.obj
 *fill*         0x0800743a        0x2 
 .text.LL_LPUART_DIV
                0x0800743c       0x8c CMakeFiles/STM32C542CC_LSM6DS3TR-C_LIS2MDL_Project1.dir/stm32c5xx_drivers/hal/stm32c5xx_hal_uart.c.obj
 .text.LL_LPUART_ConfigXfer
                0x080074c8       0x3c CMakeFiles/STM32C542CC_LSM6DS3TR-C_LIS2MDL_Project1.dir/stm32c5xx_drivers/hal/stm32c5xx_hal_uart.c.obj
 .text.LL_LPUART_SetBaudRate
                0x08007504       0x2c CMakeFiles/STM32C542CC_LSM6DS3TR-C_LIS2MDL_Project1.dir/stm32c5xx_drivers/hal/stm32c5xx_hal_uart.c.obj
 .text.HAL_UART_Init
                0x08007530       0x52 CMakeFiles/STM32C542CC_LSM6DS3TR-C_LIS2MDL_Project1.dir/stm32c5xx_drivers/hal/stm32c5xx_hal_uart.c.obj
                0x08007530                HAL_UART_Init
 *fill*         0x08007582        0x2 
 .text.HAL_UART_SetConfig
                0x08007584      0x12c CMakeFiles/STM32C542CC_LSM6DS3TR-C_LIS2MDL_Project1.dir/stm32c5xx_drivers/hal/stm32c5xx_hal_uart.c.obj
                0x08007584                HAL_UART_SetConfig
 .text.HAL_UART_Transmit
                0x080076b0      0x12c CMakeFiles/STM32C542CC_LSM6DS3TR-C_LIS2MDL_Project1.dir/stm32c5xx_drivers/hal/stm32c5xx_hal_uart.c.obj
                0x080076b0                HAL_UART_Transmit
 .text.UART_CheckEnabledState
                0x080077dc       0xb0 CMakeFiles/STM32C542CC_LSM6DS3TR-C_LIS2MDL_Project1.dir/stm32c5xx_drivers/hal/stm32c5xx_hal_uart.c.obj
 .text.UART_WaitOnFlagUntilTimeout
                0x0800788c       0xb6 CMakeFiles/STM32C542CC_LSM6DS3TR-C_LIS2MDL_Project1.dir/stm32c5xx_drivers/hal/stm32c5xx_hal_uart.c.obj
 .text._getpid  0x08007942       0x10 CMakeFiles/STM32C542CC_LSM6DS3TR-C_LIS2MDL_Project1.dir/utilities/syscalls/syscalls.c.obj
                0x08007942                _getpid
 .text._kill    0x08007952       0x20 CMakeFiles/STM32C542CC_LSM6DS3TR-C_LIS2MDL_Project1.dir/utilities/syscalls/syscalls.c.obj
                0x08007952                _kill
 .text._exit    0x08007972       0x16 CMakeFiles/STM32C542CC_LSM6DS3TR-C_LIS2MDL_Project1.dir/utilities/syscalls/syscalls.c.obj
                0x08007972                _exit
 .text._read    0x08007988       0x3a CMakeFiles/STM32C542CC_LSM6DS3TR-C_LIS2MDL_Project1.dir/utilities/syscalls/syscalls.c.obj
                0x08007988                _read
 .text._close   0x080079c2       0x18 CMakeFiles/STM32C542CC_LSM6DS3TR-C_LIS2MDL_Project1.dir/utilities/syscalls/syscalls.c.obj
                0x080079c2                _close
 .text._fstat   0x080079da       0x20 CMakeFiles/STM32C542CC_LSM6DS3TR-C_LIS2MDL_Project1.dir/utilities/syscalls/syscalls.c.obj
                0x080079da                _fstat
 .text._isatty  0x080079fa       0x16 CMakeFiles/STM32C542CC_LSM6DS3TR-C_LIS2MDL_Project1.dir/utilities/syscalls/syscalls.c.obj
                0x080079fa                _isatty
 .text._lseek   0x08007a10       0x1a CMakeFiles/STM32C542CC_LSM6DS3TR-C_LIS2MDL_Project1.dir/utilities/syscalls/syscalls.c.obj
                0x08007a10                _lseek
 *fill*         0x08007a2a        0x2 
 .text._sbrk    0x08007a2c       0x6c CMakeFiles/STM32C542CC_LSM6DS3TR-C_LIS2MDL_Project1.dir/utilities/syscalls/sysmem.c.obj
                0x08007a2c                _sbrk
 .text.printf   0x08007a98       0x24 C:/ST/STM32CubeIDE_2.1.1/STM32CubeIDE/plugins/com.st.stm32cube.ide.mcu.externaltools.gnu-tools-for-stm32.14.3.rel1.win32_1.0.100.202602081740/tools/bin/../lib/gcc/arm-none-eabi/14.3.1/../../../../arm-none-eabi/lib/thumb/v8-m.main+fp/hard\libc_nano.a(libc_a-printf.o)
                0x08007a98                iprintf
                0x08007a98                printf
 .text._puts_r  0x08007abc       0xaa C:/ST/STM32CubeIDE_2.1.1/STM32CubeIDE/plugins/com.st.stm32cube.ide.mcu.externaltools.gnu-tools-for-stm32.14.3.rel1.win32_1.0.100.202602081740/tools/bin/../lib/gcc/arm-none-eabi/14.3.1/../../../../arm-none-eabi/lib/thumb/v8-m.main+fp/hard\libc_nano.a(libc_a-puts.o)
                0x08007abc                _puts_r
 *fill*         0x08007b66        0x2 
 .text.puts     0x08007b68       0x10 C:/ST/STM32CubeIDE_2.1.1/STM32CubeIDE/plugins/com.st.stm32cube.ide.mcu.externaltools.gnu-tools-for-stm32.14.3.rel1.win32_1.0.100.202602081740/tools/bin/../lib/gcc/arm-none-eabi/14.3.1/../../../../arm-none-eabi/lib/thumb/v8-m.main+fp/hard\libc_nano.a(libc_a-puts.o)
                0x08007b68                puts
 .text.__errno  0x08007b78        0xc C:/ST/STM32CubeIDE_2.1.1/STM32CubeIDE/plugins/com.st.stm32cube.ide.mcu.externaltools.gnu-tools-for-stm32.14.3.rel1.win32_1.0.100.202602081740/tools/bin/../lib/gcc/arm-none-eabi/14.3.1/../../../../arm-none-eabi/lib/thumb/v8-m.main+fp/hard\libc_nano.a(libc_a-errno.o)
                0x08007b78                __errno
 *(.glue_7)
 .glue_7        0x08007b84        0x0 linker stubs
 *(.glue_7t)
 .glue_7t       0x08007b84        0x0 linker stubs
 *(.eh_frame)
 .eh_frame      0x08007b84        0x0 C:/ST/STM32CubeIDE_2.1.1/STM32CubeIDE/plugins/com.st.stm32cube.ide.mcu.externaltools.gnu-tools-for-stm32.14.3.rel1.win32_1.0.100.202602081740/tools/bin/../lib/gcc/arm-none-eabi/14.3.1/thumb/v8-m.main+fp/hard/crtbegin.o
 *(.init)
 .init          0x08007b84        0x4 C:/ST/STM32CubeIDE_2.1.1/STM32CubeIDE/plugins/com.st.stm32cube.ide.mcu.externaltools.gnu-tools-for-stm32.14.3.rel1.win32_1.0.100.202602081740/tools/bin/../lib/gcc/arm-none-eabi/14.3.1/thumb/v8-m.main+fp/hard/crti.o
                0x08007b84                _init
 .init          0x08007b88        0x8 C:/ST/STM32CubeIDE_2.1.1/STM32CubeIDE/plugins/com.st.stm32cube.ide.mcu.externaltools.gnu-tools-for-stm32.14.3.rel1.win32_1.0.100.202602081740/tools/bin/../lib/gcc/arm-none-eabi/14.3.1/thumb/v8-m.main+fp/hard/crtn.o
 *(.fini)
 .fini          0x08007b90        0x4 C:/ST/STM32CubeIDE_2.1.1/STM32CubeIDE/plugins/com.st.stm32cube.ide.mcu.externaltools.gnu-tools-for-stm32.14.3.rel1.win32_1.0.100.202602081740/tools/bin/../lib/gcc/arm-none-eabi/14.3.1/thumb/v8-m.main+fp/hard/crti.o
                0x08007b90                _fini
 .fini          0x08007b94        0x8 C:/ST/STM32CubeIDE_2.1.1/STM32CubeIDE/plugins/com.st.stm32cube.ide.mcu.externaltools.gnu-tools-for-stm32.14.3.rel1.win32_1.0.100.202602081740/tools/bin/../lib/gcc/arm-none-eabi/14.3.1/thumb/v8-m.main+fp/hard/crtn.o
                0x08007ba0                        . = ALIGN (0x8)
 *fill*         0x08007b9c        0x4 
                0x08007ba0                        _etext = .

.vfp11_veneer   0x08007ba0        0x0
 .vfp11_veneer  0x08007ba0        0x0 linker stubs

.v4_bx          0x08007ba0        0x0
 .v4_bx         0x08007ba0        0x0 linker stubs

.iplt           0x08007ba0        0x0
 .iplt          0x08007ba0        0x0 C:/ST/STM32CubeIDE_2.1.1/STM32CubeIDE/plugins/com.st.stm32cube.ide.mcu.externaltools.gnu-tools-for-stm32.14.3.rel1.win32_1.0.100.202602081740/tools/bin/../lib/gcc/arm-none-eabi/14.3.1/thumb/v8-m.main+fp/hard/crtbegin.o

.rodata         0x08007ba0      0x480
                0x08007ba0                        . = ALIGN (0x8)
 *(.rodata)
 .rodata        0x08007ba0       0x93 CMakeFiles/STM32C542CC_LSM6DS3TR-C_LIS2MDL_Project1.dir/main.c.obj
 *(.rodata*)
 .rodata._printf_float.str1.1
                0x08007c33      0x171 C:/ST/STM32CubeIDE_2.1.1/STM32CubeIDE/plugins/com.st.stm32cube.ide.mcu.externaltools.gnu-tools-for-stm32.14.3.rel1.win32_1.0.100.202602081740/tools/bin/../lib/gcc/arm-none-eabi/14.3.1/../../../../arm-none-eabi/lib/thumb/v8-m.main+fp/hard\libc_nano.a(libc_a-nano-vfprintf_float.o)
                                 0x12 (size before relaxing)
 .rodata._printf_i.str1.1
                0x08007da4       0x22 C:/ST/STM32CubeIDE_2.1.1/STM32CubeIDE/plugins/com.st.stm32cube.ide.mcu.externaltools.gnu-tools-for-stm32.14.3.rel1.win32_1.0.100.202602081740/tools/bin/../lib/gcc/arm-none-eabi/14.3.1/../../../../arm-none-eabi/lib/thumb/v8-m.main+fp/hard\libc_nano.a(libc_a-nano-vfprintf_i.o)
 .rodata._dtoa_r.str1.1